#
# A fatal error has been detected by the Java Runtime Environment:
#
#  EXCEPTION_ACCESS_VIOLATION (0xc0000005) at pc=0x0000000000000000, pid=12600, tid=13936
#
# JRE version: OpenJDK Runtime Environment Temurin-17.0.8.1+1 (17.0.8.1+1) (build 17.0.8.1+1)
# Java VM: OpenJDK 64-Bit Server VM Temurin-17.0.8.1+1 (17.0.8.1+1, mixed mode, tiered, compressed oops, compressed class ptrs, g1 gc, windows-amd64)
# Problematic frame:
# j  org.jetbrains.skiko.node.RenderNodeKt.RenderNode_nDrawInto(JJ)V+0
#
# No core dump will be written. Minidumps are not enabled by default on client versions of Windows
#
# If you would like to submit a bug report, please visit:
#   https://github.com/adoptium/adoptium-support/issues
# The crash happened outside the Java Virtual Machine in native code.
# See problematic frame for where to report the bug.
#

---------------  S U M M A R Y ------------

Command Line: -Djpackage.app-version=4.5.2 -Dcompose.application.resources.dir=C:\Program Files\Processing\app\resources -Dcompose.application.configure.swing.globals=true -Dprocessing.version=4.5.2 -Dprocessing.revision=1313 -Dprocessing.contributions.source=https://contributions.processing.org/contribs -Dprocessing.download.page=https://processing.org/download/ -Dprocessing.download.latest=https://processing.org/download/latest.txt -Dprocessing.tutorials=https://processing.org/tutorials/ -Dsun.java2d.metal=true -Dawt.useSystemAAFontSettings=on -Dskiko.library.path=C:\Program Files\Processing\app -Djpackage.app-path=C:\Program Files\Processing\Processing.exe processing.app.ProcessingKt C:\dev\__tracer\processing\perlin_mountains\perlin_mountains.pde

Host: Intel(R) Core(TM) i5-10310U CPU @ 1.70GHz, 8 cores, 15G,  Windows 11 , 64 bit Build 26100 (10.0.26100.7623)
Time: Sun Feb  1 13:40:58 2026 Paris, Madrid elapsed time: 494.219094 seconds (0d 0h 8m 14s)

---------------  T H R E A D  ---------------

Current thread (0x0000021de79574b0):  JavaThread "AWT-EventQueue-0" [_thread_in_native, id=13936, stack(0x000000b650900000,0x000000b650a00000)]

Stack: [0x000000b650900000,0x000000b650a00000],  sp=0x000000b6509fc680,  free space=1009k
Native frames: (J=compiled Java code, j=interpreted, Vv=VM code, C=native code)

Java frames: (J=compiled Java code, j=interpreted, Vv=VM code)
j  org.jetbrains.skiko.node.RenderNodeKt.RenderNode_nDrawInto(JJ)V+0
j  org.jetbrains.skiko.node.RenderNodeKt.access$RenderNode_nDrawInto(JJ)V+2
j  org.jetbrains.skiko.node.RenderNode.drawInto(Lorg/jetbrains/skia/Canvas;)V+25
j  androidx.compose.ui.graphics.layer.GraphicsLayer.draw$ui_graphics(Landroidx/compose/ui/graphics/Canvas;Landroidx/compose/ui/graphics/layer/GraphicsLayer;)V+44
j  androidx.compose.ui.graphics.layer.GraphicsLayerKt.drawLayer(Landroidx/compose/ui/graphics/drawscope/DrawScope;Landroidx/compose/ui/graphics/layer/GraphicsLayer;)V+46
j  androidx.compose.ui.platform.GraphicsLayerOwnerLayer.drawLayer(Landroidx/compose/ui/graphics/Canvas;Landroidx/compose/ui/graphics/layer/GraphicsLayer;)V+54
J 8881 c1 androidx.compose.ui.node.NodeCoordinator.draw(Landroidx/compose/ui/graphics/Canvas;Landroidx/compose/ui/graphics/layer/GraphicsLayer;)V (76 bytes) @ 0x0000021dc69078b4 [0x0000021dc6907520+0x0000000000000394]
j  androidx.compose.ui.node.LayoutNode.draw$ui(Landroidx/compose/ui/graphics/Canvas;Landroidx/compose/ui/graphics/layer/GraphicsLayer;)V+19
j  androidx.compose.ui.node.InnerNodeCoordinator.performDraw(Landroidx/compose/ui/graphics/Canvas;Landroidx/compose/ui/graphics/layer/GraphicsLayer;)V+75
j  androidx.compose.ui.node.NodeCoordinator.drawContainedDrawModifiers(Landroidx/compose/ui/graphics/Canvas;Landroidx/compose/ui/graphics/layer/GraphicsLayer;)V+19
J 8881 c1 androidx.compose.ui.node.NodeCoordinator.draw(Landroidx/compose/ui/graphics/Canvas;Landroidx/compose/ui/graphics/layer/GraphicsLayer;)V (76 bytes) @ 0x0000021dc6907b74 [0x0000021dc6907520+0x0000000000000654]
j  androidx.compose.ui.node.LayoutNode.draw$ui(Landroidx/compose/ui/graphics/Canvas;Landroidx/compose/ui/graphics/layer/GraphicsLayer;)V+19
j  androidx.compose.ui.node.RootNodeOwner$OwnedLayerManagerImpl.draw(Landroidx/compose/ui/graphics/Canvas;)V+102
j  androidx.compose.ui.node.RootNodeOwner.draw(Landroidx/compose/ui/graphics/Canvas;)V+21
j  androidx.compose.ui.scene.CanvasLayersComposeSceneImpl.draw(Landroidx/compose/ui/graphics/Canvas;)V+122
j  androidx.compose.ui.scene.BaseComposeScene.render(Landroidx/compose/ui/graphics/Canvas;J)V+187
j  androidx.compose.ui.scene.ComposeSceneMediator.onRender$lambda$23$lambda$22(Landroidx/compose/ui/scene/ComposeSceneMediator;Lorg/jetbrains/skia/Canvas;J)Lkotlin/Unit;+216
j  androidx.compose.ui.scene.ComposeSceneMediator$$Lambda$372+0x000000080029e4f0.invoke()Ljava/lang/Object;+12
j  androidx.compose.ui.viewinterop.SwingInteropContainer.postponingExecutingScheduledUpdates(Lkotlin/jvm/functions/Function0;)V+84
j  androidx.compose.ui.scene.ComposeSceneMediator.onRender(Lorg/jetbrains/skia/Canvas;IIJ)V+30
j  org.jetbrains.skiko.SkiaLayer.update$skiko(J)V+223
j  org.jetbrains.skiko.redrawer.AWTRedrawer.update(J)V+57
j  org.jetbrains.skiko.redrawer.Direct3DRedrawer.redrawImmediately()V+192
j  org.jetbrains.skiko.SkiaLayer.tryRedrawImmediately()V+35
j  org.jetbrains.skiko.SkiaLayer.paint(Ljava/awt/Graphics;)V+68
j  androidx.compose.ui.scene.skia.WindowSkiaLayerComponent$contentComponent$1.paint(Ljava/awt/Graphics;)V+21
J 8780 c1 javax.swing.JComponent.paintChildren(Ljava/awt/Graphics;)V java.desktop@17.0.8.1 (691 bytes) @ 0x0000021dc754d11c [0x0000021dc7549be0+0x000000000000353c]
J 8674 c1 javax.swing.JComponent.paint(Ljava/awt/Graphics;)V java.desktop@17.0.8.1 (409 bytes) @ 0x0000021dc780a68c [0x0000021dc7808a40+0x0000000000001c4c]
j  javax.swing.JLayeredPane.paint(Ljava/awt/Graphics;)V+73 java.desktop@17.0.8.1
j  androidx.compose.ui.awt.JLayeredPaneWithTransparencyHack.paint(Ljava/awt/Graphics;)V+74
J 8780 c1 javax.swing.JComponent.paintChildren(Ljava/awt/Graphics;)V java.desktop@17.0.8.1 (691 bytes) @ 0x0000021dc754d11c [0x0000021dc7549be0+0x000000000000353c]
J 8674 c1 javax.swing.JComponent.paint(Ljava/awt/Graphics;)V java.desktop@17.0.8.1 (409 bytes) @ 0x0000021dc780a68c [0x0000021dc7808a40+0x0000000000001c4c]
J 8780 c1 javax.swing.JComponent.paintChildren(Ljava/awt/Graphics;)V java.desktop@17.0.8.1 (691 bytes) @ 0x0000021dc754d11c [0x0000021dc7549be0+0x000000000000353c]
J 8674 c1 javax.swing.JComponent.paint(Ljava/awt/Graphics;)V java.desktop@17.0.8.1 (409 bytes) @ 0x0000021dc780a68c [0x0000021dc7808a40+0x0000000000001c4c]
j  javax.swing.JLayeredPane.paint(Ljava/awt/Graphics;)V+73 java.desktop@17.0.8.1
J 8780 c1 javax.swing.JComponent.paintChildren(Ljava/awt/Graphics;)V java.desktop@17.0.8.1 (691 bytes) @ 0x0000021dc754d11c [0x0000021dc7549be0+0x000000000000353c]
j  javax.swing.JComponent.paintToOffscreen(Ljava/awt/Graphics;IIIIII)V+72 java.desktop@17.0.8.1
j  javax.swing.RepaintManager$PaintManager.paintDoubleBufferedImpl(Ljavax/swing/JComponent;Ljava/awt/Image;Ljava/awt/Graphics;IIII)V+163 java.desktop@17.0.8.1
j  javax.swing.RepaintManager$PaintManager.paintDoubleBuffered(Ljavax/swing/JComponent;Ljava/awt/Image;Ljava/awt/Graphics;IIII)V+46 java.desktop@17.0.8.1
j  javax.swing.RepaintManager$PaintManager.paint(Ljavax/swing/JComponent;Ljavax/swing/JComponent;Ljava/awt/Graphics;IIII)Z+128 java.desktop@17.0.8.1
j  javax.swing.RepaintManager.paint(Ljavax/swing/JComponent;Ljavax/swing/JComponent;Ljava/awt/Graphics;IIII)V+51 java.desktop@17.0.8.1
J 8674 c1 javax.swing.JComponent.paint(Ljava/awt/Graphics;)V java.desktop@17.0.8.1 (409 bytes) @ 0x0000021dc780a8d4 [0x0000021dc7808a40+0x0000000000001e94]
j  java.awt.GraphicsCallback$PaintCallback.run(Ljava/awt/Component;Ljava/awt/Graphics;)V+2 java.desktop@17.0.8.1
j  sun.awt.SunGraphicsCallback.runOneComponent(Ljava/awt/Component;Ljava/awt/Rectangle;Ljava/awt/Graphics;Ljava/awt/Shape;I)V+130 java.desktop@17.0.8.1
j  sun.awt.SunGraphicsCallback.runComponents([Ljava/awt/Component;Ljava/awt/Graphics;I)V+157 java.desktop@17.0.8.1
j  java.awt.Container.paint(Ljava/awt/Graphics;)V+58 java.desktop@17.0.8.1
j  java.awt.Window.paint(Ljava/awt/Graphics;)V+68 java.desktop@17.0.8.1
j  javax.swing.RepaintManager$4.run()Ljava/lang/Void;+142 java.desktop@17.0.8.1
j  javax.swing.RepaintManager$4.run()Ljava/lang/Object;+1 java.desktop@17.0.8.1
J 7212 c1 java.security.ProtectionDomain$JavaSecurityAccessImpl.doIntersectionPrivilege(Ljava/security/PrivilegedAction;Ljava/security/AccessControlContext;Ljava/security/AccessControlContext;)Ljava/lang/Object; java.base@17.0.8.1 (22 bytes) @ 0x0000021dc758b4b4 [0x0000021dc758b220+0x0000000000000294]
j  javax.swing.RepaintManager.paintDirtyRegions(Ljava/util/Map;)V+154 java.desktop@17.0.8.1
j  javax.swing.RepaintManager.paintDirtyRegions()V+46 java.desktop@17.0.8.1
j  javax.swing.RepaintManager.prePaintDirtyRegions()V+73 java.desktop@17.0.8.1
j  javax.swing.RepaintManager$ProcessingRunnable.run()V+37 java.desktop@17.0.8.1
J 8628 c1 java.awt.event.InvocationEvent.dispatch()V java.desktop@17.0.8.1 (69 bytes) @ 0x0000021dc6929e1c [0x0000021dc6929c00+0x000000000000021c]
J 8494 c1 java.awt.EventQueue.dispatchEventImpl(Ljava/awt/AWTEvent;Ljava/lang/Object;)V java.desktop@17.0.8.1 (136 bytes) @ 0x0000021dc78d125c [0x0000021dc78cf760+0x0000000000001afc]
J 8497 c1 java.awt.EventQueue$4.run()Ljava/lang/Void; java.desktop@17.0.8.1 (60 bytes) @ 0x0000021dc78d35a4 [0x0000021dc78d3460+0x0000000000000144]
J 7271 c1 java.awt.EventQueue.dispatchEvent(Ljava/awt/AWTEvent;)V java.desktop@17.0.8.1 (80 bytes) @ 0x0000021dc75a6224 [0x0000021dc75a5c60+0x00000000000005c4]
J 7273 c1 java.awt.EventDispatchThread.pumpOneEventForFilters(I)V java.desktop@17.0.8.1 (113 bytes) @ 0x0000021dc75a8534 [0x0000021dc75a7ea0+0x0000000000000694]
j  java.awt.EventDispatchThread.pumpEventsForFilter(ILjava/awt/Conditional;Ljava/awt/EventFilter;)V+35 java.desktop@17.0.8.1
j  java.awt.EventDispatchThread.pumpEventsForHierarchy(ILjava/awt/Conditional;Ljava/awt/Component;)V+11 java.desktop@17.0.8.1
j  java.awt.EventDispatchThread.pumpEvents(ILjava/awt/Conditional;)V+4 java.desktop@17.0.8.1
j  java.awt.EventDispatchThread.pumpEvents(Ljava/awt/Conditional;)V+3 java.desktop@17.0.8.1
j  java.awt.EventDispatchThread.run()V+9 java.desktop@17.0.8.1
v  ~StubRoutines::call_stub

siginfo: EXCEPTION_ACCESS_VIOLATION (0xc0000005), data execution prevention violation at address 0x0000000000000000


Register to memory mapping:

RIP=0x0 is NULL
RAX=0x0 is NULL
RBX={method} {0x0000021de3661598} 'RenderNode_nDrawInto' '(JJ)V' in 'org/jetbrains/skiko/node/RenderNodeKt'
RCX=0x0000021de75dc610 points into unknown readable memory: 0x0000021dedb7b260 | 60 b2 b7 ed 1d 02 00 00
RDX=0x0000021df35b08c0 points into unknown readable memory: 0x00007ffe93830e50 | 50 0e 83 93 fe 7f 00 00
RSP=0x000000b6509fc678 is pointing into the stack for thread: 0x0000021de79574b0
RBP=0x000000b6509fc708 is pointing into the stack for thread: 0x0000021de79574b0
RSI=0x0000021de596a960 is pointing into metadata
RDI=0x00000000000001fc is an unknown value
R8 =0x0 is NULL
R9 =0x0000021de75dc610 points into unknown readable memory: 0x0000021dedb7b260 | 60 b2 b7 ed 1d 02 00 00
R10=0x0000021dcdded5f2 is at code_begin+946 in an Interpreter codelet
method entry point (kind = native)  [0x0000021dcdded240, 0x0000021dcddedbc0]  2432 bytes
R11=0x000000070b806cd0 is an oop: java.lang.Class 
{0x000000070b806cd0} - klass: 'java/lang/Class'
 - ---- fields (total size 14 words):
 - private volatile transient 'classRedefinedCount' 'I' @12  0
 - private volatile transient 'cachedConstructor' 'Ljava/lang/reflect/Constructor;' @40  NULL (0)
 - private transient 'name' 'Ljava/lang/String;' @44  "org.jetbrains.skiko.node.RenderNodeKt"{0x000000070b809798} (e17012f3)
 - private transient 'module' 'Ljava/lang/Module;' @48  a 'java/lang/Module'{0x000000070adb6078} (e15b6c0f)
 - private final 'classLoader' 'Ljava/lang/ClassLoader;' @52  a 'jdk/internal/loader/ClassLoaders$AppClassLoader'{0x000000070adb5a00} (e15b6b40)
 - private transient 'classData' 'Ljava/lang/Object;' @56  NULL (0)
 - private transient 'packageName' 'Ljava/lang/String;' @60  "org.jetbrains.skiko.node"{0x000000070b8097e8} (e17012fd)
 - private final 'componentType' 'Ljava/lang/Class;' @64  NULL (0)
 - private volatile transient 'reflectionData' 'Ljava/lang/ref/SoftReference;' @68  NULL (0)
 - private volatile transient 'genericInfo' 'Lsun/reflect/generics/repository/ClassRepository;' @72  NULL (0)
 - private volatile transient 'enumConstants' '[Ljava/lang/Object;' @76  NULL (0)
 - private volatile transient 'enumConstantDirectory' 'Ljava/util/Map;' @80  NULL (0)
 - private volatile transient 'annotationData' 'Ljava/lang/Class$AnnotationData;' @84  NULL (0)
 - private volatile transient 'annotationType' 'Lsun/reflect/annotation/AnnotationType;' @88  NULL (0)
 - transient 'classValueMap' 'Ljava/lang/ClassValue$ClassValueMap;' @92  NULL (0)
 - signature: Lorg/jetbrains/skiko/node/RenderNodeKt;
 - fake entry for mirror: 'org/jetbrains/skiko/node/RenderNodeKt'
 - fake entry for array: NULL
 - fake entry for oop_size: 14
 - fake entry for static_oop_field_count: 0
R12=0x0 is NULL
R13={method} {0x0000021de3661598} 'RenderNode_nDrawInto' '(JJ)V' in 'org/jetbrains/skiko/node/RenderNodeKt'
R14=0x000000b6509fc740 is pointing into the stack for thread: 0x0000021de79574b0
R15=0x0000021de79574b0 is a thread


Registers:
RAX=0x0000000000000000, RBX=0x0000021de3661590, RCX=0x0000021de75dc610, RDX=0x0000021df35b08c0
RSP=0x000000b6509fc678, RBP=0x000000b6509fc708, RSI=0x0000021de596a960, RDI=0x00000000000001fc
R8 =0x0000000000000000, R9 =0x0000021de75dc610, R10=0x0000021dcdded5f2, R11=0x000000070b806cd0
R12=0x0000000000000000, R13=0x0000021de3661590, R14=0x000000b6509fc740, R15=0x0000021de79574b0
RIP=0x0000000000000000, EFLAGS=0x0000000000010206

Top of Stack: (sp=0x000000b6509fc678)
0x000000b6509fc678:   0000021dcdded621 000000070bb961a0
0x000000b6509fc688:   0000000000000000 000000070c405ff8
0x000000b6509fc698:   0000000000000050 000000070dc61440
0x000000b6509fc6a8:   0000021dc1650d80 000000070dce22f8
0x000000b6509fc6b8:   0000000000000000 000000b6509fc6c0
0x000000b6509fc6c8:   0000000000000000 000000b6509fc740
0x000000b6509fc6d8:   0000021de36630c0 0000000000000000
0x000000b6509fc6e8:   000000070b806cd0 0000021de3661590
0x000000b6509fc6f8:   0000000000000000 000000b6509fc728
0x000000b6509fc708:   000000b6509fc790 0000021dcdde94fe
0x000000b6509fc718:   000000070b806cd0 0000021dcddeaf78
0x000000b6509fc728:   0000021de75dc610 0000000000000000
0x000000b6509fc738:   0000021df35b08c0 0000000000000000
0x000000b6509fc748:   000000b6509fc748 0000021de3662f12
0x000000b6509fc758:   000000b6509fc7b8 0000021de36630c0
0x000000b6509fc768:   0000000000000000 000000070b806cd0 

Instructions: (pc=0x0000021dcdded621)
0x0000021dcdded521:   5d 10 48 8d 55 10 48 8b 43 58 49 ba e0 34 ae 96
0x0000021dcdded531:   fe 7f 00 00 49 3b c2 0f 85 ad 00 00 00 e8 05 00
0x0000021dcdded541:   00 00 e9 9b 00 00 00 48 8b d3 48 8d 44 24 08 4c
0x0000021dcdded551:   89 6d c0 49 8b cf c5 f8 77 49 89 af a0 02 00 00
0x0000021dcdded561:   49 89 87 90 02 00 00 48 83 ec 20 f7 c4 0f 00 00
0x0000021dcdded571:   00 0f 84 1a 00 00 00 48 83 ec 08 49 ba 70 4b 78
0x0000021dcdded581:   96 fe 7f 00 00 41 ff d2 48 83 c4 08 e9 0d 00 00
0x0000021dcdded591:   00 49 ba 70 4b 78 96 fe 7f 00 00 41 ff d2 48 83
0x0000021dcdded5a1:   c4 20 49 c7 87 90 02 00 00 00 00 00 00 49 c7 87
0x0000021dcdded5b1:   a0 02 00 00 00 00 00 00 49 c7 87 98 02 00 00 00
0x0000021dcdded5c1:   00 00 00 c5 f8 77 49 81 7f 08 00 00 00 00 0f 84
0x0000021dcdded5d1:   05 00 00 00 e9 26 39 ff ff 4c 8b 6d c0 4c 8b 75
0x0000021dcdded5e1:   c8 c3 48 8b 5d e8 48 8b 43 58 49 8d 8f b0 02 00
0x0000021dcdded5f1:   00 c5 f8 77 49 89 af a0 02 00 00 49 ba f2 d5 de
0x0000021dcdded601:   cd 1d 02 00 00 4d 89 97 98 02 00 00 49 89 a7 90
0x0000021dcdded611:   02 00 00 41 c7 87 40 03 00 00 04 00 00 00 ff d0
0x0000021dcdded621:   c5 f8 77 48 83 ec 10 c5 fb 11 04 24 48 83 ec 10
0x0000021dcdded631:   48 89 04 24 48 c7 44 24 08 00 00 00 00 41 c7 87
0x0000021dcdded641:   40 03 00 00 05 00 00 00 f0 83 44 24 c0 00 49 3b
0x0000021dcdded651:   af 48 03 00 00 0f 87 11 00 00 00 41 81 bf 30 03
0x0000021dcdded661:   00 00 00 00 00 00 0f 84 21 00 00 00 49 8b cf 4c
0x0000021dcdded671:   8b e4 48 83 ec 20 48 83 e4 f0 49 ba 80 69 be 96
0x0000021dcdded681:   fe 7f 00 00 41 ff d2 49 8b e4 4d 33 e4 41 c7 87
0x0000021dcdded691:   40 03 00 00 08 00 00 00 49 c7 87 90 02 00 00 00
0x0000021dcdded6a1:   00 00 00 49 c7 87 a0 02 00 00 00 00 00 00 49 c7
0x0000021dcdded6b1:   87 98 02 00 00 00 00 00 00 c5 f8 77 4d 8b 9f d8
0x0000021dcdded6c1:   00 00 00 41 c7 83 00 01 00 00 00 00 00 00 49 bb
0x0000021dcdded6d1:   7b af de cd 1d 02 00 00 4c 3b 5d 18 0f 85 b9 00
0x0000021dcdded6e1:   00 00 48 8b 04 24 48 83 c4 10 48 85 c0 0f 84 93
0x0000021dcdded6f1:   00 00 00 48 f7 c0 01 00 00 00 0f 84 83 00 00 00
0x0000021dcdded701:   48 8b 40 ff 41 80 7f 38 00 0f 84 6f 00 00 00 48
0x0000021dcdded711:   83 f8 00 0f 84 65 00 00 00 4d 8b 5f 20 49 83 fb 


Stack slot to memory mapping:
stack at sp + 0 slots: 0x000000070bb961a0 is an oop: [J 
{0x000000070bb961a0} - klass: {type array long}
 - length: 32
stack at sp + 1 slots: 0x0 is NULL
stack at sp + 2 slots: 0x000000070c405ff8 is an oop: androidx.compose.runtime.snapshots.SnapshotStateObserver 
{0x000000070c405ff8} - klass: 'androidx/compose/runtime/snapshots/SnapshotStateObserver'
 - ---- fields (total size 7 words):
 - private 'sendingNotifications' 'Z' @12  false
 - private 'isPaused' 'Z' @13  false
 - private 'currentMapThreadId' 'J' @16  -1 (ffffffff ffffffff)
 - private final 'onChangedExecutor' 'Lkotlin/jvm/functions/Function1;' @24  a 'androidx/compose/ui/node/SnapshotInvalidationTracker$$Lambda$229+0x000000080022a0d0'{0x000000070c406030} (e1880c06)
 - private final 'pendingChanges' 'Ljava/util/concurrent/atomic/AtomicReference;' @28  a 'java/util/concurrent/atomic/AtomicReference'{0x000000070c406040} (e1880c08)
 - private final 'applyObserver' 'Lkotlin/jvm/functions/Function2;' @32  a 'androidx/compose/runtime/snapshots/SnapshotStateObserver$$Lambda$218+0x0000000800212688'{0x000000070c406050} (e1880c0a)
 - private final 'readObserver' 'Lkotlin/jvm/functions/Function1;' @36  a 'androidx/compose/runtime/snapshots/SnapshotStateObserver$$Lambda$219+0x00000008002128a8'{0x000000070c406060} (e1880c0c)
 - private final 'observedScopeMaps' 'Landroidx/compose/runtime/collection/MutableVector;' @40  a 'androidx/compose/runtime/collection/MutableVector'{0x000000070c406070} (e1880c0e)
 - private final 'observedScopeMapsLock' 'Landroidx/compose/runtime/SynchronizedObject;' @44  a 'androidx/compose/runtime/SynchronizedObject'{0x000000070c406428} (e1880c85)
 - private 'applyUnsubscribe' 'Landroidx/compose/runtime/snapshots/ObserverHandle;' @48  a 'androidx/compose/runtime/snapshots/Snapshot$Companion$$Lambda$145+0x0000000800188220'{0x000000070c406438} (e1880c87)
 - private 'currentMap' 'Landroidx/compose/runtime/snapshots/SnapshotStateObserver$ObservedScopeMap;' @52  NULL (0)
stack at sp + 3 slots: 0x0000000000000050 is an unknown value
stack at sp + 4 slots: 0x000000070dc61440 is an oop: androidx.compose.ui.node.NodeCoordinator$$Lambda$382/0x00000008002aa040 
{0x000000070dc61440} - klass: 'androidx/compose/ui/node/NodeCoordinator$$Lambda$382+0x00000008002aa040'
 - ---- fields (total size 2 words):
 - private final 'arg$1' 'Landroidx/compose/ui/node/NodeCoordinator;' @12  a 'androidx/compose/ui/node/InnerNodeCoordinator'{0x000000070d29ab20} (e1a53564)
stack at sp + 5 slots: 0x0000021dc1650d80 points into unknown readable memory: 0x00000000011c0000 | 00 00 1c 01 00 00 00 00
stack at sp + 6 slots: 0x000000070dce22f8 is an oop: androidx.compose.runtime.snapshots.SnapshotStateObserver$ObservedScopeMap 
{0x000000070dce22f8} - klass: 'androidx/compose/runtime/snapshots/SnapshotStateObserver$ObservedScopeMap'
 - ---- fields (total size 8 words):
 - private 'currentToken' 'I' @12  -1 (ffffffff)
 - private 'deriveStateScopeCount' 'I' @16  0
 - private final 'onChanged' 'Lkotlin/jvm/functions/Function1;' @20  a 'androidx/compose/ui/node/NodeCoordinator$$Lambda$244+0x0000000800238850'{0x000000070b7a85f0} (e16f50be)
 - private 'currentScope' 'Ljava/lang/Object;' @24  NULL (0)
 - private 'currentScopeReads' 'Landroidx/collection/MutableObjectIntMap;' @28  NULL (0)
 - private final 'valueToScopes' 'Landroidx/collection/MutableScatterMap;' @32  a 'androidx/collection/MutableScatterMap'{0x000000070dce2338} (e1b9c467)
 - private final 'scopeToValues' 'Landroidx/collection/MutableScatterMap;' @36  a 'androidx/collection/MutableScatterMap'{0x000000070dce25d8} (e1b9c4bb)
 - private final 'invalidated' 'Landroidx/collection/MutableScatterSet;' @40  a 'androidx/collection/MutableScatterSet'{0x000000070dce2cf8} (e1b9c59f)
 - private final 'statesToReread' 'Landroidx/compose/runtime/collection/MutableVector;' @44  a 'androidx/compose/runtime/collection/MutableVector'{0x000000070dce2d68} (e1b9c5ad)
 - private final 'derivedStateObserver' 'Landroidx/compose/runtime/DerivedStateObserver;' @48  a 'androidx/compose/runtime/snapshots/SnapshotStateObserver$ObservedScopeMap$derivedStateObserver$1'{0x000000070dce2dd0} (e1b9c5ba)
 - private final 'dependencyToDerivedStates' 'Landroidx/collection/MutableScatterMap;' @52  a 'androidx/collection/MutableScatterMap'{0x000000070dce2de0} (e1b9c5bc)
 - private final 'recordedDerivedStateValues' 'Ljava/util/HashMap;' @56  a 'java/util/HashMap'{0x000000070dce2e88} (e1b9c5d1)
stack at sp + 7 slots: 0x0 is NULL


---------------  P R O C E S S  ---------------

Threads class SMR info:
_java_thread_list=0x0000021ded4a8720, length=47, elements={
0x0000021dc386dad0, 0x0000021de1904780, 0x0000021ddefe6d80, 0x0000021de1938130,
0x0000021de1938a00, 0x0000021de19392d0, 0x0000021de1939ba0, 0x0000021de19437c0,
0x0000021de19480c0, 0x0000021de194b9d0, 0x0000021de1bd7620, 0x0000021de1c0b530,
0x0000021de6ff9110, 0x0000021de6ff99c0, 0x0000021de73b4e80, 0x0000021de79588f0,
0x0000021de7958e00, 0x0000021de7959310, 0x0000021de7959820, 0x0000021de7956070,
0x0000021de79574b0, 0x0000021de7e72860, 0x0000021de7e6ffe0, 0x0000021de7e70a00,
0x0000021de7e73280, 0x0000021de7e73ca0, 0x0000021de7e71930, 0x0000021de7e746c0,
0x0000021de7e74bd0, 0x0000021de7e750e0, 0x0000021de7e76f40, 0x0000021de7e76a30,
0x0000021de7e76010, 0x0000021df2f9f800, 0x0000021df2f9f2f0, 0x0000021df2f9e8d0,
0x0000021df2fa2fb0, 0x0000021df2fa34c0, 0x0000021df2fa39d0, 0x0000021df2fa3ee0,
0x0000021df2fa43f0, 0x0000021df2f9fd10, 0x0000021df2fa0220, 0x0000021df2fa1150,
0x0000021df2fa2590, 0x0000021df2f9ede0, 0x0000021df34cc7d0
}

Java Threads: ( => current thread )
  0x0000021dc386dad0 JavaThread "main" [_thread_blocked, id=12620, stack(0x000000b64e700000,0x000000b64e800000)]
  0x0000021de1904780 JavaThread "Reference Handler" daemon [_thread_blocked, id=12648, stack(0x000000b64ee00000,0x000000b64ef00000)]
  0x0000021ddefe6d80 JavaThread "Finalizer" daemon [_thread_blocked, id=12652, stack(0x000000b64ef00000,0x000000b64f000000)]
  0x0000021de1938130 JavaThread "Signal Dispatcher" daemon [_thread_blocked, id=12656, stack(0x000000b64f000000,0x000000b64f100000)]
  0x0000021de1938a00 JavaThread "Attach Listener" daemon [_thread_blocked, id=12660, stack(0x000000b64f100000,0x000000b64f200000)]
  0x0000021de19392d0 JavaThread "Service Thread" daemon [_thread_blocked, id=12664, stack(0x000000b64f200000,0x000000b64f300000)]
  0x0000021de1939ba0 JavaThread "Monitor Deflation Thread" daemon [_thread_blocked, id=12668, stack(0x000000b64f300000,0x000000b64f400000)]
  0x0000021de19437c0 JavaThread "C2 CompilerThread0" daemon [_thread_in_native, id=12672, stack(0x000000b64f400000,0x000000b64f500000)]
  0x0000021de19480c0 JavaThread "C1 CompilerThread0" daemon [_thread_blocked, id=12676, stack(0x000000b64f500000,0x000000b64f600000)]
  0x0000021de194b9d0 JavaThread "Sweeper thread" daemon [_thread_blocked, id=12680, stack(0x000000b64f600000,0x000000b64f700000)]
  0x0000021de1bd7620 JavaThread "Notification Thread" daemon [_thread_blocked, id=12684, stack(0x000000b64f700000,0x000000b64f800000)]
  0x0000021de1c0b530 JavaThread "Common-Cleaner" daemon [_thread_blocked, id=12692, stack(0x000000b64f900000,0x000000b64fa00000)]
  0x0000021de6ff9110 JavaThread "Java2D Disposer" daemon [_thread_blocked, id=13892, stack(0x000000b650100000,0x000000b650200000)]
  0x0000021de6ff99c0 JavaThread "AWT-Shutdown" [_thread_blocked, id=13860, stack(0x000000b650200000,0x000000b650300000)]
  0x0000021de73b4e80 JavaThread "AWT-Windows" daemon [_thread_in_native, id=13908, stack(0x000000b650300000,0x000000b650400000)]
  0x0000021de79588f0 JavaThread "DefaultDispatcher-worker-1" daemon [_thread_blocked, id=13684, stack(0x000000b64fe00000,0x000000b64ff00000)]
  0x0000021de7958e00 JavaThread "DefaultDispatcher-worker-2" daemon [_thread_blocked, id=14076, stack(0x000000b64ff00000,0x000000b650000000)]
  0x0000021de7959310 JavaThread "DefaultDispatcher-worker-3" daemon [_thread_blocked, id=13948, stack(0x000000b650400000,0x000000b650500000)]
  0x0000021de7959820 JavaThread "kotlinx.coroutines.DefaultExecutor" daemon [_thread_blocked, id=13932, stack(0x000000b650500000,0x000000b650600000)]
  0x0000021de7956070 JavaThread "Reference Cleaner" daemon [_thread_blocked, id=13952, stack(0x000000b650600000,0x000000b650700000)]
=>0x0000021de79574b0 JavaThread "AWT-EventQueue-0" [_thread_in_native, id=13936, stack(0x000000b650900000,0x000000b650a00000)]
  0x0000021de7e72860 JavaThread "TimerQueue" daemon [_thread_blocked, id=3784, stack(0x000000b651100000,0x000000b651200000)]
  0x0000021de7e6ffe0 JavaThread "JNA Cleaner" daemon [_thread_blocked, id=6676, stack(0x000000b651900000,0x000000b651a00000)]
  0x0000021de7e70a00 JavaThread "Timer-0" [_thread_blocked, id=8904, stack(0x000000b651d00000,0x000000b651e00000)]
  0x0000021de7e73280 JavaThread "D3D Screen Updater" daemon [_thread_blocked, id=13800, stack(0x000000b650e00000,0x000000b650f00000)]
  0x0000021de7e73ca0 JavaThread "ECS" [_thread_blocked, id=13792, stack(0x000000b652000000,0x000000b652100000)]
  0x0000021de7e71930 JavaThread "SingleInstance Server" [_thread_in_native, id=13824, stack(0x000000b652100000,0x000000b652200000)]
  0x0000021de7e746c0 JavaThread "FileSystemWatchService" daemon [_thread_in_native, id=13816, stack(0x000000b652200000,0x000000b652300000)]
  0x0000021de7e74bd0 JavaThread "FileSystemWatchService" daemon [_thread_in_native, id=13780, stack(0x000000b652300000,0x000000b652400000)]
  0x0000021de7e750e0 JavaThread "FileSystemWatchService" daemon [_thread_in_native, id=13776, stack(0x000000b652400000,0x000000b652500000)]
  0x0000021de7e76f40 JavaThread "DefaultDispatcher-worker-4" daemon [_thread_blocked, id=8616, stack(0x000000b652500000,0x000000b652600000)]
  0x0000021de7e76a30 JavaThread "DefaultDispatcher-worker-7" daemon [_thread_blocked, id=8224, stack(0x000000b652700000,0x000000b652800000)]
  0x0000021de7e76010 JavaThread "DefaultDispatcher-worker-6" daemon [_thread_blocked, id=1816, stack(0x000000b652800000,0x000000b652900000)]
  0x0000021df2f9f800 JavaThread "pool-2-thread-1" [_thread_blocked, id=13764, stack(0x000000b651c00000,0x000000b651d00000)]
  0x0000021df2f9f2f0 JavaThread "Thread-14" [_thread_blocked, id=5264, stack(0x000000b652e00000,0x000000b652f00000)]
  0x0000021df2f9e8d0 JavaThread "Thread-15" [_thread_in_native, id=3328, stack(0x000000b651a00000,0x000000b651b00000)]
  0x0000021df2fa2fb0 JavaThread "JDI Internal Event Handler" daemon [_thread_blocked, id=13576, stack(0x000000b652f00000,0x000000b653000000)]
  0x0000021df2fa34c0 JavaThread "JDI Target VM Interface" daemon [_thread_in_native, id=14240, stack(0x000000b653000000,0x000000b653100000)]
  0x0000021df2fa39d0 JavaThread "Thread-16" [_thread_blocked, id=4476, stack(0x000000b653100000,0x000000b653200000)]
  0x0000021df2fa3ee0 JavaThread "Thread-17" [_thread_in_native, id=5444, stack(0x000000b653200000,0x000000b653300000)]
  0x0000021df2fa43f0 JavaThread "JVM stdout Reader" [_thread_in_native, id=13888, stack(0x000000b653300000,0x000000b653400000)]
  0x0000021df2f9fd10 JavaThread "DefaultDispatcher-worker-5" daemon [_thread_blocked, id=7580, stack(0x000000b64e400000,0x000000b64e500000)]
  0x0000021df2fa0220 JavaThread "DefaultDispatcher-worker-8" daemon [_thread_blocked, id=3872, stack(0x000000b64e500000,0x000000b64e600000)]
  0x0000021df2fa1150 JavaThread "DefaultDispatcher-worker-9" daemon [_thread_blocked, id=2684, stack(0x000000b64e600000,0x000000b64e700000)]
  0x0000021df2fa2590 JavaThread "DefaultDispatcher-worker-10" daemon [_thread_blocked, id=3644, stack(0x000000b650b00000,0x000000b650c00000)]
  0x0000021df2f9ede0 JavaThread "DefaultDispatcher-worker-11" daemon [_thread_blocked, id=2960, stack(0x000000b650c00000,0x000000b650d00000)]
  0x0000021df34cc7d0 JavaThread "C2 CompilerThread1" daemon [_thread_in_native, id=8248, stack(0x000000b651800000,0x000000b651900000)]

Other Threads:
  0x0000021ddefe0590 VMThread "VM Thread" [stack: 0x000000b64ed00000,0x000000b64ee00000] [id=12644]
  0x0000021ddee254b0 WatcherThread [stack: 0x000000b64f800000,0x000000b64f900000] [id=12688]
  0x0000021ddee0fc40 GCTaskThread "GC Thread#0" [stack: 0x000000b64e800000,0x000000b64e900000] [id=12624]
  0x0000021de675d460 GCTaskThread "GC Thread#1" [stack: 0x000000b64fa00000,0x000000b64fb00000] [id=2216]
  0x0000021de675d720 GCTaskThread "GC Thread#2" [stack: 0x000000b64fb00000,0x000000b64fc00000] [id=13720]
  0x0000021de675d9e0 GCTaskThread "GC Thread#3" [stack: 0x000000b64fc00000,0x000000b64fd00000] [id=13732]
  0x0000021de675dca0 GCTaskThread "GC Thread#4" [stack: 0x000000b64fd00000,0x000000b64fe00000] [id=13704]
  0x0000021de7278680 GCTaskThread "GC Thread#5" [stack: 0x000000b650700000,0x000000b650800000] [id=13924]
  0x0000021de72778c0 GCTaskThread "GC Thread#6" [stack: 0x000000b650800000,0x000000b650900000] [id=13920]
  0x0000021de7727a20 GCTaskThread "GC Thread#7" [stack: 0x000000b650000000,0x000000b650100000] [id=13976]
  0x0000021dc38c8ed0 ConcurrentGCThread "G1 Main Marker" [stack: 0x000000b64e900000,0x000000b64ea00000] [id=12628]
  0x0000021dc38cbb70 ConcurrentGCThread "G1 Conc#0" [stack: 0x000000b64ea00000,0x000000b64eb00000] [id=12632]
  0x0000021de7725be0 ConcurrentGCThread "G1 Conc#1" [stack: 0x000000b650a00000,0x000000b650b00000] [id=13916]
  0x0000021dc38ce850 ConcurrentGCThread "G1 Refine#0" [stack: 0x000000b64eb00000,0x000000b64ec00000] [id=12636]
  0x0000021ddeed28e0 ConcurrentGCThread "G1 Service" [stack: 0x000000b64ec00000,0x000000b64ed00000] [id=12640]

Threads with active compile tasks:
C2 CompilerThread0   494310 10377  s!   4       jdk.internal.loader.URLClassPath::getLoader (196 bytes)
C2 CompilerThread1   494310 10380   !   4       jdk.internal.loader.BuiltinClassLoader::loadClassOrNull (143 bytes)

VM state: not at safepoint (normal execution)

VM Mutex/Monitor currently owned by a thread: None

Heap address: 0x000000070a200000, size: 3934 MB, Compressed Oops mode: Zero based, Oop shift amount: 3

CDS archive(s) not mapped
Compressed class space mapped at: 0x0000000800000000-0x0000000840000000, reserved size: 1073741824
Narrow klass base: 0x0000000800000000, Narrow klass shift: 0, Narrow klass range: 0x40000000

GC Precious Log:
 CPUs: 8 total, 8 available
 Memory: 15733M
 Large Page Support: Disabled
 NUMA Support: Disabled
 Compressed Oops: Enabled (Zero based)
 Heap Region Size: 2M
 Heap Min Capacity: 8M
 Heap Initial Capacity: 246M
 Heap Max Capacity: 3934M
 Pre-touch: Disabled
 Parallel Workers: 8
 Concurrent Workers: 2
 Concurrent Refinement Workers: 8
 Periodic GC: Disabled

Heap:
 garbage-first heap   total 245760K, used 155126K [0x000000070a200000, 0x0000000800000000)
  region size 2048K, 38 young (77824K), 5 survivors (10240K)
 Metaspace       used 74197K, committed 74816K, reserved 1179648K
  class space    used 8126K, committed 8384K, reserved 1048576K

Heap Regions: E=young(eden), S=young(survivor), O=old, HS=humongous(starts), HC=humongous(continues), CS=collection set, F=free, OA=open archive, CA=closed archive, TAMS=top-at-mark-start (previous, next)
|   0|0x000000070a200000, 0x000000070a400000, 0x000000070a400000|100%|HS|  |TAMS 0x000000070a400000, 0x000000070a200000| Complete 
|   1|0x000000070a400000, 0x000000070a600000, 0x000000070a600000|100%|HS|  |TAMS 0x000000070a600000, 0x000000070a400000| Complete 
|   2|0x000000070a600000, 0x000000070a800000, 0x000000070a800000|100%| O|  |TAMS 0x000000070a800000, 0x000000070a600000| Untracked 
|   3|0x000000070a800000, 0x000000070aa00000, 0x000000070aa00000|100%| O|  |TAMS 0x000000070aa00000, 0x000000070a800000| Untracked 
|   4|0x000000070aa00000, 0x000000070ac00000, 0x000000070ac00000|100%| O|  |TAMS 0x000000070ac00000, 0x000000070aa00000| Untracked 
|   5|0x000000070ac00000, 0x000000070ae00000, 0x000000070ae00000|100%| O|  |TAMS 0x000000070ae00000, 0x000000070ac00000| Untracked 
|   6|0x000000070ae00000, 0x000000070b000000, 0x000000070b000000|100%| O|  |TAMS 0x000000070b000000, 0x000000070ae00000| Untracked 
|   7|0x000000070b000000, 0x000000070b200000, 0x000000070b200000|100%| O|  |TAMS 0x000000070b200000, 0x000000070b000000| Untracked 
|   8|0x000000070b200000, 0x000000070b400000, 0x000000070b400000|100%|HS|  |TAMS 0x000000070b400000, 0x000000070b200000| Complete 
|   9|0x000000070b400000, 0x000000070b600000, 0x000000070b600000|100%| O|  |TAMS 0x000000070b600000, 0x000000070b400000| Untracked 
|  10|0x000000070b600000, 0x000000070b800000, 0x000000070b800000|100%| O|  |TAMS 0x000000070b800000, 0x000000070b600000| Untracked 
|  11|0x000000070b800000, 0x000000070ba00000, 0x000000070ba00000|100%| O|  |TAMS 0x000000070ba00000, 0x000000070b800000| Untracked 
|  12|0x000000070ba00000, 0x000000070bc00000, 0x000000070bc00000|100%| O|  |TAMS 0x000000070bc00000, 0x000000070ba00000| Untracked 
|  13|0x000000070bc00000, 0x000000070be00000, 0x000000070be00000|100%| O|  |TAMS 0x000000070be00000, 0x000000070bc00000| Untracked 
|  14|0x000000070be00000, 0x000000070c000000, 0x000000070c000000|100%| O|  |TAMS 0x000000070c000000, 0x000000070be00000| Untracked 
|  15|0x000000070c000000, 0x000000070c200000, 0x000000070c200000|100%| O|  |TAMS 0x000000070c200000, 0x000000070c000000| Untracked 
|  16|0x000000070c200000, 0x000000070c400000, 0x000000070c400000|100%| O|  |TAMS 0x000000070c400000, 0x000000070c200000| Untracked 
|  17|0x000000070c400000, 0x000000070c600000, 0x000000070c600000|100%| O|  |TAMS 0x000000070c600000, 0x000000070c400000| Untracked 
|  18|0x000000070c600000, 0x000000070c800000, 0x000000070c800000|100%| O|  |TAMS 0x000000070c800000, 0x000000070c600000| Untracked 
|  19|0x000000070c800000, 0x000000070ca00000, 0x000000070ca00000|100%| O|  |TAMS 0x000000070ca00000, 0x000000070c800000| Untracked 
|  20|0x000000070ca00000, 0x000000070cc00000, 0x000000070cc00000|100%| O|  |TAMS 0x000000070cc00000, 0x000000070ca00000| Untracked 
|  21|0x000000070cc00000, 0x000000070ce00000, 0x000000070ce00000|100%| O|  |TAMS 0x000000070ce00000, 0x000000070cc00000| Untracked 
|  22|0x000000070ce00000, 0x000000070d000000, 0x000000070d000000|100%| O|  |TAMS 0x000000070d000000, 0x000000070ce00000| Untracked 
|  23|0x000000070d000000, 0x000000070d200000, 0x000000070d200000|100%| O|  |TAMS 0x000000070d200000, 0x000000070d000000| Untracked 
|  24|0x000000070d200000, 0x000000070d400000, 0x000000070d400000|100%| O|  |TAMS 0x000000070d400000, 0x000000070d200000| Untracked 
|  25|0x000000070d400000, 0x000000070d600000, 0x000000070d600000|100%| O|  |TAMS 0x000000070d600000, 0x000000070d400000| Untracked 
|  26|0x000000070d600000, 0x000000070d800000, 0x000000070d800000|100%| O|  |TAMS 0x000000070d800000, 0x000000070d600000| Untracked 
|  27|0x000000070d800000, 0x000000070da00000, 0x000000070da00000|100%| O|  |TAMS 0x000000070da00000, 0x000000070d800000| Untracked 
|  28|0x000000070da00000, 0x000000070dc00000, 0x000000070dc00000|100%| O|  |TAMS 0x000000070dc00000, 0x000000070da00000| Untracked 
|  29|0x000000070dc00000, 0x000000070de00000, 0x000000070de00000|100%| O|  |TAMS 0x000000070de00000, 0x000000070dc00000| Untracked 
|  30|0x000000070de00000, 0x000000070de00000, 0x000000070e000000|  0%| F|  |TAMS 0x000000070de00000, 0x000000070de00000| Untracked 
|  31|0x000000070e000000, 0x000000070e200000, 0x000000070e200000|100%| O|  |TAMS 0x000000070e200000, 0x000000070e000000| Untracked 
|  32|0x000000070e200000, 0x000000070e400000, 0x000000070e400000|100%| O|  |TAMS 0x000000070e400000, 0x000000070e200000| Untracked 
|  33|0x000000070e400000, 0x000000070e600000, 0x000000070e600000|100%|HS|  |TAMS 0x000000070e600000, 0x000000070e400000| Complete 
|  34|0x000000070e600000, 0x000000070e800000, 0x000000070e800000|100%|HC|  |TAMS 0x000000070e800000, 0x000000070e600000| Complete 
|  35|0x000000070e800000, 0x000000070ea00000, 0x000000070ea00000|100%|HC|  |TAMS 0x000000070ea00000, 0x000000070e800000| Complete 
|  36|0x000000070ea00000, 0x000000070ec00000, 0x000000070ec00000|100%|HS|  |TAMS 0x000000070ec00000, 0x000000070ea00000| Complete 
|  37|0x000000070ec00000, 0x000000070ee00000, 0x000000070ee00000|100%|HC|  |TAMS 0x000000070ee00000, 0x000000070ec00000| Complete 
|  38|0x000000070ee00000, 0x000000070f000000, 0x000000070f000000|100%|HS|  |TAMS 0x000000070f000000, 0x000000070ee00000| Complete 
|  39|0x000000070f000000, 0x000000070f200000, 0x000000070f200000|100%| O|  |TAMS 0x000000070f200000, 0x000000070f000000| Untracked 
|  40|0x000000070f200000, 0x000000070f2a7400, 0x000000070f400000| 32%| O|  |TAMS 0x000000070f2a7400, 0x000000070f200000| Untracked 
|  41|0x000000070f400000, 0x000000070f400000, 0x000000070f600000|  0%| F|  |TAMS 0x000000070f400000, 0x000000070f400000| Untracked 
|  42|0x000000070f600000, 0x000000070f600000, 0x000000070f800000|  0%| F|  |TAMS 0x000000070f600000, 0x000000070f600000| Untracked 
|  43|0x000000070f800000, 0x000000070f800000, 0x000000070fa00000|  0%| F|  |TAMS 0x000000070f800000, 0x000000070f800000| Untracked 
|  44|0x000000070fa00000, 0x000000070fa00000, 0x000000070fc00000|  0%| F|  |TAMS 0x000000070fa00000, 0x000000070fa00000| Untracked 
|  45|0x000000070fc00000, 0x000000070fc00000, 0x000000070fe00000|  0%| F|  |TAMS 0x000000070fc00000, 0x000000070fc00000| Untracked 
|  46|0x000000070fe00000, 0x000000070fe00000, 0x0000000710000000|  0%| F|  |TAMS 0x000000070fe00000, 0x000000070fe00000| Untracked 
|  47|0x0000000710000000, 0x0000000710000000, 0x0000000710200000|  0%| F|  |TAMS 0x0000000710000000, 0x0000000710000000| Untracked 
|  48|0x0000000710200000, 0x0000000710200000, 0x0000000710400000|  0%| F|  |TAMS 0x0000000710200000, 0x0000000710200000| Untracked 
|  49|0x0000000710400000, 0x0000000710400000, 0x0000000710600000|  0%| F|  |TAMS 0x0000000710400000, 0x0000000710400000| Untracked 
|  50|0x0000000710600000, 0x0000000710600000, 0x0000000710800000|  0%| F|  |TAMS 0x0000000710600000, 0x0000000710600000| Untracked 
|  51|0x0000000710800000, 0x0000000710800000, 0x0000000710a00000|  0%| F|  |TAMS 0x0000000710800000, 0x0000000710800000| Untracked 
|  52|0x0000000710a00000, 0x0000000710a00000, 0x0000000710c00000|  0%| F|  |TAMS 0x0000000710a00000, 0x0000000710a00000| Untracked 
|  53|0x0000000710c00000, 0x0000000710c00000, 0x0000000710e00000|  0%| F|  |TAMS 0x0000000710c00000, 0x0000000710c00000| Untracked 
|  54|0x0000000710e00000, 0x0000000710e00000, 0x0000000711000000|  0%| F|  |TAMS 0x0000000710e00000, 0x0000000710e00000| Untracked 
|  55|0x0000000711000000, 0x0000000711000000, 0x0000000711200000|  0%| F|  |TAMS 0x0000000711000000, 0x0000000711000000| Untracked 
|  56|0x0000000711200000, 0x0000000711200000, 0x0000000711400000|  0%| F|  |TAMS 0x0000000711200000, 0x0000000711200000| Untracked 
|  57|0x0000000711400000, 0x0000000711400000, 0x0000000711600000|  0%| F|  |TAMS 0x0000000711400000, 0x0000000711400000| Untracked 
|  58|0x0000000711600000, 0x0000000711600000, 0x0000000711800000|  0%| F|  |TAMS 0x0000000711600000, 0x0000000711600000| Untracked 
|  59|0x0000000711800000, 0x0000000711800000, 0x0000000711a00000|  0%| F|  |TAMS 0x0000000711800000, 0x0000000711800000| Untracked 
|  60|0x0000000711a00000, 0x0000000711a00000, 0x0000000711c00000|  0%| F|  |TAMS 0x0000000711a00000, 0x0000000711a00000| Untracked 
|  61|0x0000000711c00000, 0x0000000711c00000, 0x0000000711e00000|  0%| F|  |TAMS 0x0000000711c00000, 0x0000000711c00000| Untracked 
|  62|0x0000000711e00000, 0x0000000711e00000, 0x0000000712000000|  0%| F|  |TAMS 0x0000000711e00000, 0x0000000711e00000| Untracked 
|  63|0x0000000712000000, 0x00000007120d67b8, 0x0000000712200000| 41%| S|CS|TAMS 0x0000000712000000, 0x0000000712000000| Complete 
|  64|0x0000000712200000, 0x0000000712400000, 0x0000000712400000|100%| S|CS|TAMS 0x0000000712200000, 0x0000000712200000| Complete 
|  65|0x0000000712400000, 0x0000000712600000, 0x0000000712600000|100%| S|CS|TAMS 0x0000000712400000, 0x0000000712400000| Complete 
|  66|0x0000000712600000, 0x0000000712800000, 0x0000000712800000|100%| S|CS|TAMS 0x0000000712600000, 0x0000000712600000| Complete 
|  67|0x0000000712800000, 0x0000000712a00000, 0x0000000712a00000|100%| S|CS|TAMS 0x0000000712800000, 0x0000000712800000| Complete 
|  68|0x0000000712a00000, 0x0000000712a00000, 0x0000000712c00000|  0%| F|  |TAMS 0x0000000712a00000, 0x0000000712a00000| Untracked 
|  69|0x0000000712c00000, 0x0000000712c00000, 0x0000000712e00000|  0%| F|  |TAMS 0x0000000712c00000, 0x0000000712c00000| Untracked 
|  70|0x0000000712e00000, 0x0000000712e00000, 0x0000000713000000|  0%| F|  |TAMS 0x0000000712e00000, 0x0000000712e00000| Untracked 
|  71|0x0000000713000000, 0x0000000713000000, 0x0000000713200000|  0%| F|  |TAMS 0x0000000713000000, 0x0000000713000000| Untracked 
|  72|0x0000000713200000, 0x0000000713200000, 0x0000000713400000|  0%| F|  |TAMS 0x0000000713200000, 0x0000000713200000| Untracked 
|  73|0x0000000713400000, 0x0000000713400000, 0x0000000713600000|  0%| F|  |TAMS 0x0000000713400000, 0x0000000713400000| Untracked 
|  74|0x0000000713600000, 0x0000000713600000, 0x0000000713800000|  0%| F|  |TAMS 0x0000000713600000, 0x0000000713600000| Untracked 
|  75|0x0000000713800000, 0x0000000713800000, 0x0000000713a00000|  0%| F|  |TAMS 0x0000000713800000, 0x0000000713800000| Untracked 
|  76|0x0000000713a00000, 0x0000000713a00000, 0x0000000713c00000|  0%| F|  |TAMS 0x0000000713a00000, 0x0000000713a00000| Untracked 
|  77|0x0000000713c00000, 0x0000000713c00000, 0x0000000713e00000|  0%| F|  |TAMS 0x0000000713c00000, 0x0000000713c00000| Untracked 
|  78|0x0000000713e00000, 0x0000000713e00000, 0x0000000714000000|  0%| F|  |TAMS 0x0000000713e00000, 0x0000000713e00000| Untracked 
|  79|0x0000000714000000, 0x0000000714000000, 0x0000000714200000|  0%| F|  |TAMS 0x0000000714000000, 0x0000000714000000| Untracked 
|  80|0x0000000714200000, 0x0000000714200000, 0x0000000714400000|  0%| F|  |TAMS 0x0000000714200000, 0x0000000714200000| Untracked 
|  81|0x0000000714400000, 0x0000000714400000, 0x0000000714600000|  0%| F|  |TAMS 0x0000000714400000, 0x0000000714400000| Untracked 
|  82|0x0000000714600000, 0x0000000714600000, 0x0000000714800000|  0%| F|  |TAMS 0x0000000714600000, 0x0000000714600000| Untracked 
|  83|0x0000000714800000, 0x0000000714800000, 0x0000000714a00000|  0%| F|  |TAMS 0x0000000714800000, 0x0000000714800000| Untracked 
|  84|0x0000000714a00000, 0x0000000714a00000, 0x0000000714c00000|  0%| F|  |TAMS 0x0000000714a00000, 0x0000000714a00000| Untracked 
|  85|0x0000000714c00000, 0x0000000714c00000, 0x0000000714e00000|  0%| F|  |TAMS 0x0000000714c00000, 0x0000000714c00000| Untracked 
|  86|0x0000000714e00000, 0x0000000714e00000, 0x0000000715000000|  0%| F|  |TAMS 0x0000000714e00000, 0x0000000714e00000| Untracked 
|  87|0x0000000715000000, 0x00000007150d9758, 0x0000000715200000| 42%| E|  |TAMS 0x0000000715000000, 0x0000000715000000| Complete 
|  88|0x0000000715200000, 0x0000000715400000, 0x0000000715400000|100%| E|CS|TAMS 0x0000000715200000, 0x0000000715200000| Complete 
|  89|0x0000000715400000, 0x0000000715600000, 0x0000000715600000|100%| E|CS|TAMS 0x0000000715400000, 0x0000000715400000| Complete 
|  90|0x0000000715600000, 0x0000000715800000, 0x0000000715800000|100%| E|CS|TAMS 0x0000000715600000, 0x0000000715600000| Complete 
|  91|0x0000000715800000, 0x0000000715a00000, 0x0000000715a00000|100%| E|CS|TAMS 0x0000000715800000, 0x0000000715800000| Complete 
|  92|0x0000000715a00000, 0x0000000715c00000, 0x0000000715c00000|100%| E|CS|TAMS 0x0000000715a00000, 0x0000000715a00000| Complete 
|  93|0x0000000715c00000, 0x0000000715e00000, 0x0000000715e00000|100%| E|CS|TAMS 0x0000000715c00000, 0x0000000715c00000| Complete 
|  94|0x0000000715e00000, 0x0000000716000000, 0x0000000716000000|100%| E|CS|TAMS 0x0000000715e00000, 0x0000000715e00000| Complete 
|  95|0x0000000716000000, 0x0000000716200000, 0x0000000716200000|100%| E|CS|TAMS 0x0000000716000000, 0x0000000716000000| Complete 
|  96|0x0000000716200000, 0x0000000716400000, 0x0000000716400000|100%| E|CS|TAMS 0x0000000716200000, 0x0000000716200000| Complete 
|  97|0x0000000716400000, 0x0000000716600000, 0x0000000716600000|100%| E|CS|TAMS 0x0000000716400000, 0x0000000716400000| Complete 
|  98|0x0000000716600000, 0x0000000716800000, 0x0000000716800000|100%| E|CS|TAMS 0x0000000716600000, 0x0000000716600000| Complete 
|  99|0x0000000716800000, 0x0000000716a00000, 0x0000000716a00000|100%| E|CS|TAMS 0x0000000716800000, 0x0000000716800000| Complete 
| 100|0x0000000716a00000, 0x0000000716c00000, 0x0000000716c00000|100%| E|CS|TAMS 0x0000000716a00000, 0x0000000716a00000| Complete 
| 101|0x0000000716c00000, 0x0000000716e00000, 0x0000000716e00000|100%| E|CS|TAMS 0x0000000716c00000, 0x0000000716c00000| Complete 
| 102|0x0000000716e00000, 0x0000000717000000, 0x0000000717000000|100%| E|CS|TAMS 0x0000000716e00000, 0x0000000716e00000| Complete 
| 103|0x0000000717000000, 0x0000000717200000, 0x0000000717200000|100%| E|CS|TAMS 0x0000000717000000, 0x0000000717000000| Complete 
| 104|0x0000000717200000, 0x0000000717400000, 0x0000000717400000|100%| E|CS|TAMS 0x0000000717200000, 0x0000000717200000| Complete 
| 105|0x0000000717400000, 0x0000000717600000, 0x0000000717600000|100%| E|CS|TAMS 0x0000000717400000, 0x0000000717400000| Complete 
| 106|0x0000000717600000, 0x0000000717800000, 0x0000000717800000|100%| E|CS|TAMS 0x0000000717600000, 0x0000000717600000| Complete 
| 107|0x0000000717800000, 0x0000000717a00000, 0x0000000717a00000|100%| E|CS|TAMS 0x0000000717800000, 0x0000000717800000| Complete 
| 108|0x0000000717a00000, 0x0000000717c00000, 0x0000000717c00000|100%| E|CS|TAMS 0x0000000717a00000, 0x0000000717a00000| Complete 
| 109|0x0000000717c00000, 0x0000000717e00000, 0x0000000717e00000|100%| E|CS|TAMS 0x0000000717c00000, 0x0000000717c00000| Complete 
| 110|0x0000000717e00000, 0x0000000718000000, 0x0000000718000000|100%| E|CS|TAMS 0x0000000717e00000, 0x0000000717e00000| Complete 
| 111|0x0000000718000000, 0x0000000718200000, 0x0000000718200000|100%| E|CS|TAMS 0x0000000718000000, 0x0000000718000000| Complete 
| 112|0x0000000718200000, 0x0000000718400000, 0x0000000718400000|100%| E|CS|TAMS 0x0000000718200000, 0x0000000718200000| Complete 
| 113|0x0000000718400000, 0x0000000718600000, 0x0000000718600000|100%| E|CS|TAMS 0x0000000718400000, 0x0000000718400000| Complete 
| 114|0x0000000718600000, 0x0000000718800000, 0x0000000718800000|100%| E|CS|TAMS 0x0000000718600000, 0x0000000718600000| Complete 
| 115|0x0000000718800000, 0x0000000718a00000, 0x0000000718a00000|100%| E|CS|TAMS 0x0000000718800000, 0x0000000718800000| Complete 
| 116|0x0000000718a00000, 0x0000000718c00000, 0x0000000718c00000|100%| E|CS|TAMS 0x0000000718a00000, 0x0000000718a00000| Complete 
| 117|0x0000000718c00000, 0x0000000718e00000, 0x0000000718e00000|100%| E|CS|TAMS 0x0000000718c00000, 0x0000000718c00000| Complete 
| 118|0x0000000718e00000, 0x0000000719000000, 0x0000000719000000|100%| E|CS|TAMS 0x0000000718e00000, 0x0000000718e00000| Complete 
| 122|0x0000000719600000, 0x0000000719800000, 0x0000000719800000|100%| E|CS|TAMS 0x0000000719600000, 0x0000000719600000| Complete 

Card table byte_map: [0x0000021dd6390000,0x0000021dd6b40000] _byte_map_base: 0x0000021dd2b3f000

Marking Bits (Prev, Next): (CMBitMap*) 0x0000021dc38b8fd0, (CMBitMap*) 0x0000021dc38b9010
 Prev Bits: [0x0000021dd72f0000, 0x0000021ddb068000)
 Next Bits: [0x0000021ddb070000, 0x0000021ddede8000)

Polling page: 0x0000021dc2fd0000

Metaspace:

Usage:
  Non-class:     64.52 MB used.
      Class:      7.94 MB used.
       Both:     72.46 MB used.

Virtual space:
  Non-class space:      128.00 MB reserved,      64.88 MB ( 51%) committed,  2 nodes.
      Class space:        1.00 GB reserved,       8.19 MB ( <1%) committed,  1 nodes.
             Both:        1.12 GB reserved,      73.06 MB (  6%) committed. 

Chunk freelists:
   Non-Class:  14.59 MB
       Class:  7.84 MB
        Both:  22.44 MB

MaxMetaspaceSize: unlimited
CompressedClassSpaceSize: 1.00 GB
Initial GC threshold: 21.00 MB
Current GC threshold: 117.12 MB
CDS: off
MetaspaceReclaimPolicy: balanced
 - commit_granule_bytes: 65536.
 - commit_granule_words: 8192.
 - virtual_space_node_default_size: 8388608.
 - enlarge_chunks_in_place: 1.
 - new_chunks_are_fully_committed: 0.
 - uncommit_free_chunks: 1.
 - use_allocation_guard: 0.
 - handle_deallocations: 1.


Internal statistics:

num_allocs_failed_limit: 9.
num_arena_births: 798.
num_arena_deaths: 0.
num_vsnodes_births: 3.
num_vsnodes_deaths: 0.
num_space_committed: 1169.
num_space_uncommitted: 0.
num_chunks_returned_to_freelist: 9.
num_chunks_taken_from_freelist: 2686.
num_chunk_merges: 6.
num_chunk_splits: 1886.
num_chunks_enlarged: 1469.
num_inconsistent_stats: 0.

CodeHeap 'non-profiled nmethods': size=120000Kb used=4801Kb max_used=5472Kb free=115198Kb
 bounds [0x0000021dce380000, 0x0000021dce8e0000, 0x0000021dd58b0000]
CodeHeap 'profiled nmethods': size=120000Kb used=16378Kb max_used=18302Kb free=103621Kb
 bounds [0x0000021dc68b0000, 0x0000021dc7a90000, 0x0000021dcdde0000]
CodeHeap 'non-nmethods': size=5760Kb used=2199Kb max_used=2319Kb free=3560Kb
 bounds [0x0000021dcdde0000, 0x0000021dce050000, 0x0000021dce380000]
 total_blobs=10099 nmethods=8377 adapters=1631
 compilation: enabled
              stopped_count=0, restarted_count=0
 full_count=0

Compilation events (20 events):
Event: 494.205 Thread 0x0000021de19480c0 10413       3       androidx.compose.ui.unit.TextUnit::getValue-impl (14 bytes)
Event: 494.205 Thread 0x0000021de19480c0 nmethod 10413 0x0000021dc6def710 code [0x0000021dc6def8a0, 0x0000021dc6def9b8]
Event: 494.205 Thread 0x0000021de19480c0 10411       3       androidx.compose.ui.node.LayoutModifierNodeCoordinator::maxIntrinsicWidth (73 bytes)
Event: 494.206 Thread 0x0000021de19480c0 nmethod 10411 0x0000021dc6ddd190 code [0x0000021dc6ddd460, 0x0000021dc6dde348]
Event: 494.206 Thread 0x0000021de19480c0 10415       3       androidx.compose.ui.node.LayoutModifierNodeCoordinator::measure-BRTryo0 (349 bytes)
Event: 494.209 Thread 0x0000021de19480c0 nmethod 10415 0x0000021dc68b5f90 code [0x0000021dc68b66a0, 0x0000021dc68ba2c8]
Event: 494.210 Thread 0x0000021de19480c0 10421       3       androidx.compose.ui.layout.Placeable::setMeasurementConstraints-BRTryo0 (21 bytes)
Event: 494.210 Thread 0x0000021de19480c0 nmethod 10421 0x0000021dc6e1bb10 code [0x0000021dc6e1bcc0, 0x0000021dc6e1bee8]
Event: 494.210 Thread 0x0000021de19480c0 10418       3       androidx.compose.ui.node.LookaheadCapablePlaceable::layout (84 bytes)
Event: 494.210 Thread 0x0000021df34cc7d0 10380   !   4       jdk.internal.loader.BuiltinClassLoader::loadClassOrNull (143 bytes)
Event: 494.211 Thread 0x0000021de19480c0 nmethod 10418 0x0000021dc7462b90 code [0x0000021dc7462e40, 0x0000021dc7463b28]
Event: 494.211 Thread 0x0000021de19480c0 10419       3       androidx.compose.ui.node.LookaheadCapablePlaceable$layout$1::<init> (38 bytes)
Event: 494.211 Thread 0x0000021de19480c0 nmethod 10419 0x0000021dc6ad3610 code [0x0000021dc6ad37c0, 0x0000021dc6ad3ad8]
Event: 494.211 Thread 0x0000021de19480c0 10424       3       androidx.compose.ui.node.NodeCoordinator::updateLayerBlock$default (31 bytes)
Event: 494.212 Thread 0x0000021de19480c0 nmethod 10424 0x0000021dc6e30f10 code [0x0000021dc6e310c0, 0x0000021dc6e31338]
Event: 494.212 Thread 0x0000021de19480c0 10428       3       androidx.compose.ui.node.MeasurePassDelegate::getInnerCoordinator (8 bytes)
Event: 494.212 Thread 0x0000021de19480c0 nmethod 10428 0x0000021dc6e64990 code [0x0000021dc6e64b40, 0x0000021dc6e64d78]
Event: 494.212 Thread 0x0000021de19480c0 10425       3       androidx.compose.ui.node.NodeCoordinator::updateLayerBlock (353 bytes)
Event: 494.216 Thread 0x0000021de19480c0 nmethod 10425 0x0000021dc74c5690 code [0x0000021dc74c5ca0, 0x0000021dc74c8fc8]
Event: 494.216 Thread 0x0000021de19480c0 10429       3       androidx.compose.ui.node.NodeCoordinator::onPlaced (399 bytes)

GC Heap History (20 events):
Event: 23.827 GC heap before
{Heap before GC invocations=18 (full 0):
 garbage-first heap   total 100352K, used 76083K [0x000000070a200000, 0x0000000800000000)
  region size 2048K, 17 young (34816K), 3 survivors (6144K)
 Metaspace       used 59718K, committed 60224K, reserved 1114112K
  class space    used 6825K, committed 7040K, reserved 1048576K
}
Event: 23.833 GC heap after
{Heap after GC invocations=19 (full 0):
 garbage-first heap   total 122880K, used 54342K [0x000000070a200000, 0x0000000800000000)
  region size 2048K, 3 young (6144K), 3 survivors (6144K)
 Metaspace       used 59718K, committed 60224K, reserved 1114112K
  class space    used 6825K, committed 7040K, reserved 1048576K
}
Event: 23.912 GC heap before
{Heap before GC invocations=19 (full 0):
 garbage-first heap   total 122880K, used 54342K [0x000000070a200000, 0x0000000800000000)
  region size 2048K, 4 young (8192K), 3 survivors (6144K)
 Metaspace       used 59968K, committed 60480K, reserved 1114112K
  class space    used 6855K, committed 7104K, reserved 1048576K
}
Event: 23.916 GC heap after
{Heap after GC invocations=20 (full 0):
 garbage-first heap   total 122880K, used 54352K [0x000000070a200000, 0x0000000800000000)
  region size 2048K, 1 young (2048K), 1 survivors (2048K)
 Metaspace       used 59968K, committed 60480K, reserved 1114112K
  class space    used 6855K, committed 7104K, reserved 1048576K
}
Event: 24.288 GC heap before
{Heap before GC invocations=21 (full 0):
 garbage-first heap   total 122880K, used 93264K [0x000000070a200000, 0x0000000800000000)
  region size 2048K, 21 young (43008K), 1 survivors (2048K)
 Metaspace       used 62911K, committed 63424K, reserved 1114112K
  class space    used 7166K, committed 7424K, reserved 1048576K
}
Event: 24.296 GC heap after
{Heap after GC invocations=22 (full 0):
 garbage-first heap   total 122880K, used 60416K [0x000000070a200000, 0x0000000800000000)
  region size 2048K, 3 young (6144K), 3 survivors (6144K)
 Metaspace       used 62911K, committed 63424K, reserved 1114112K
  class space    used 7166K, committed 7424K, reserved 1048576K
}
Event: 25.141 GC heap before
{Heap before GC invocations=22 (full 0):
 garbage-first heap   total 122880K, used 93184K [0x000000070a200000, 0x0000000800000000)
  region size 2048K, 20 young (40960K), 3 survivors (6144K)
 Metaspace       used 68154K, committed 68736K, reserved 1114112K
  class space    used 7589K, committed 7808K, reserved 1048576K
}
Event: 25.151 GC heap after
{Heap after GC invocations=23 (full 0):
 garbage-first heap   total 122880K, used 64294K [0x000000070a200000, 0x0000000800000000)
  region size 2048K, 3 young (6144K), 3 survivors (6144K)
 Metaspace       used 68154K, committed 68736K, reserved 1114112K
  class space    used 7589K, committed 7808K, reserved 1048576K
}
Event: 25.490 GC heap before
{Heap before GC invocations=23 (full 0):
 garbage-first heap   total 122880K, used 95014K [0x000000070a200000, 0x0000000800000000)
  region size 2048K, 18 young (36864K), 3 survivors (6144K)
 Metaspace       used 69205K, committed 69824K, reserved 1114112K
  class space    used 7666K, committed 7936K, reserved 1048576K
}
Event: 25.497 GC heap after
{Heap after GC invocations=24 (full 0):
 garbage-first heap   total 122880K, used 66698K [0x000000070a200000, 0x0000000800000000)
  region size 2048K, 2 young (4096K), 2 survivors (4096K)
 Metaspace       used 69205K, committed 69824K, reserved 1114112K
  class space    used 7666K, committed 7936K, reserved 1048576K
}
Event: 38.944 GC heap before
{Heap before GC invocations=25 (full 0):
 garbage-first heap   total 122880K, used 76938K [0x000000070a200000, 0x0000000800000000)
  region size 2048K, 8 young (16384K), 2 survivors (4096K)
 Metaspace       used 70649K, committed 71232K, reserved 1114112K
  class space    used 7748K, committed 8000K, reserved 1048576K
}
Event: 38.948 GC heap after
{Heap after GC invocations=26 (full 0):
 garbage-first heap   total 122880K, used 69777K [0x000000070a200000, 0x0000000800000000)
  region size 2048K, 2 young (4096K), 2 survivors (4096K)
 Metaspace       used 70649K, committed 71232K, reserved 1114112K
  class space    used 7748K, committed 8000K, reserved 1048576K
}
Event: 46.722 GC heap before
{Heap before GC invocations=27 (full 0):
 garbage-first heap   total 133120K, used 104593K [0x000000070a200000, 0x0000000800000000)
  region size 2048K, 14 young (28672K), 2 survivors (4096K)
 Metaspace       used 71236K, committed 71872K, reserved 1114112K
  class space    used 7771K, committed 8064K, reserved 1048576K
}
Event: 46.725 GC heap after
{Heap after GC invocations=28 (full 0):
 garbage-first heap   total 133120K, used 83275K [0x000000070a200000, 0x0000000800000000)
  region size 2048K, 1 young (2048K), 1 survivors (2048K)
 Metaspace       used 71236K, committed 71872K, reserved 1114112K
  class space    used 7771K, committed 8064K, reserved 1048576K
}
Event: 46.732 GC heap before
{Heap before GC invocations=28 (full 0):
 garbage-first heap   total 133120K, used 87371K [0x000000070a200000, 0x0000000800000000)
  region size 2048K, 3 young (6144K), 1 survivors (2048K)
 Metaspace       used 71242K, committed 71872K, reserved 1114112K
  class space    used 7771K, committed 8064K, reserved 1048576K
}
Event: 46.735 GC heap after
{Heap after GC invocations=29 (full 0):
 garbage-first heap   total 133120K, used 81815K [0x000000070a200000, 0x0000000800000000)
  region size 2048K, 1 young (2048K), 1 survivors (2048K)
 Metaspace       used 71242K, committed 71872K, reserved 1114112K
  class space    used 7771K, committed 8064K, reserved 1048576K
}
Event: 46.792 GC heap before
{Heap before GC invocations=29 (full 0):
 garbage-first heap   total 133120K, used 104343K [0x000000070a200000, 0x0000000800000000)
  region size 2048K, 13 young (26624K), 1 survivors (2048K)
 Metaspace       used 71256K, committed 71872K, reserved 1114112K
  class space    used 7771K, committed 8064K, reserved 1048576K
}
Event: 46.794 GC heap after
{Heap after GC invocations=30 (full 0):
 garbage-first heap   total 245760K, used 83636K [0x000000070a200000, 0x0000000800000000)
  region size 2048K, 2 young (4096K), 2 survivors (4096K)
 Metaspace       used 71256K, committed 71872K, reserved 1114112K
  class space    used 7771K, committed 8064K, reserved 1048576K
}
Event: 47.268 GC heap before
{Heap before GC invocations=31 (full 0):
 garbage-first heap   total 245760K, used 190132K [0x000000070a200000, 0x0000000800000000)
  region size 2048K, 54 young (110592K), 2 survivors (4096K)
 Metaspace       used 72394K, committed 72960K, reserved 1114112K
  class space    used 7887K, committed 8128K, reserved 1048576K
}
Event: 47.279 GC heap after
{Heap after GC invocations=32 (full 0):
 garbage-first heap   total 245760K, used 89590K [0x000000070a200000, 0x0000000800000000)
  region size 2048K, 5 young (10240K), 5 survivors (10240K)
 Metaspace       used 72394K, committed 72960K, reserved 1114112K
  class space    used 7887K, committed 8128K, reserved 1048576K
}

Dll operation events (14 events):
Event: 0.017 Loaded shared library C:\Program Files\Processing\runtime\bin\java.dll
Event: 0.177 Loaded shared library C:\Program Files\Processing\runtime\bin\net.dll
Event: 0.179 Loaded shared library C:\Program Files\Processing\runtime\bin\nio.dll
Event: 0.202 Loaded shared library C:\Program Files\Processing\runtime\bin\zip.dll
Event: 13.976 Loaded shared library C:\Program Files\Processing\runtime\bin\jimage.dll
Event: 13.987 Loaded shared library C:\Program Files\Processing\runtime\bin\prefs.dll
Event: 14.022 Loaded shared library C:\Program Files\Processing\app\skiko-windows-x64.dll
Event: 14.113 Loaded shared library C:\Program Files\Processing\runtime\bin\awt.dll
Event: 15.187 Loaded shared library C:\Program Files\Processing\runtime\bin\freetype.dll
Event: 15.190 Loaded shared library C:\Program Files\Processing\runtime\bin\fontmanager.dll
Event: 18.252 Loaded shared library C:\Users\cflou\AppData\Local\Temp\jna-94574607\jna13462738375395389124.dll
Event: 19.229 Loaded shared library C:\Users\cflou\AppData\Local\Temp\flatlaf.temp\flatlaf-windows-x86_64-327697865684000.dll
Event: 21.947 Loaded shared library C:\Program Files\Processing\runtime\bin\verify.dll
Event: 47.763 Loaded shared library C:\Program Files\Processing\runtime\bin\dt_shmem.dll

Deoptimization events (20 events):
Event: 494.095 Thread 0x0000021de79574b0 Uncommon trap: trap_request=0xffffffcc fr.pc=0x0000021dce8b9fa4 relative=0x0000000000000384
Event: 494.095 Thread 0x0000021de79574b0 Uncommon trap: reason=intrinsic_or_type_checked_inlining action=make_not_entrant pc=0x0000021dce8b9fa4 method=java.util.ArrayList.toArray([Ljava/lang/Object;)[Ljava/lang/Object; @ 36 c2
Event: 494.095 Thread 0x0000021de79574b0 DEOPT PACKING pc=0x0000021dce8b9fa4 sp=0x000000b6509fe610
Event: 494.095 Thread 0x0000021de79574b0 DEOPT UNPACKING pc=0x0000021dcde369a3 sp=0x000000b6509fe5f0 mode 2
Event: 494.145 Thread 0x0000021de79574b0 Uncommon trap: trap_request=0xffffff45 fr.pc=0x0000021dce5b01b0 relative=0x0000000000000090
Event: 494.145 Thread 0x0000021de79574b0 Uncommon trap: reason=unstable_if action=reinterpret pc=0x0000021dce5b01b0 method=kotlinx.coroutines.CancellableContinuationImpl.isReusable()Z @ 26 c2
Event: 494.145 Thread 0x0000021de79574b0 DEOPT PACKING pc=0x0000021dce5b01b0 sp=0x000000b6509f9d30
Event: 494.145 Thread 0x0000021de79574b0 DEOPT UNPACKING pc=0x0000021dcde369a3 sp=0x000000b6509f9cc0 mode 2
Event: 494.160 Thread 0x0000021de79574b0 Uncommon trap: trap_request=0xffffff45 fr.pc=0x0000021dce8d1dd8 relative=0x00000000000000b8
Event: 494.160 Thread 0x0000021de79574b0 Uncommon trap: reason=unstable_if action=reinterpret pc=0x0000021dce8d1dd8 method=kotlinx.coroutines.JobKt__JobKt.invokeOnCompletion$default(Lkotlinx/coroutines/Job;ZZLkotlinx/coroutines/InternalCompletionHandler;ILjava/lang/Object;)Lkotlinx/coroutines/Di
Event: 494.160 Thread 0x0000021de79574b0 DEOPT PACKING pc=0x0000021dce8d1dd8 sp=0x000000b6509f9f80
Event: 494.160 Thread 0x0000021de79574b0 DEOPT UNPACKING pc=0x0000021dcde369a3 sp=0x000000b6509f9ea8 mode 2
Event: 494.160 Thread 0x0000021de79574b0 Uncommon trap: trap_request=0xffffff45 fr.pc=0x0000021dce8ae974 relative=0x0000000000000514
Event: 494.160 Thread 0x0000021de79574b0 Uncommon trap: reason=unstable_if action=reinterpret pc=0x0000021dce8ae974 method=kotlinx.coroutines.JobSupport.makeNode(Lkotlinx/coroutines/InternalCompletionHandler;Z)Lkotlinx/coroutines/JobNode; @ 1 c2
Event: 494.160 Thread 0x0000021de79574b0 DEOPT PACKING pc=0x0000021dce8ae974 sp=0x000000b6509f9d30
Event: 494.160 Thread 0x0000021de79574b0 DEOPT UNPACKING pc=0x0000021dcde369a3 sp=0x000000b6509f9c18 mode 2
Event: 494.190 Thread 0x0000021de79574b0 Uncommon trap: trap_request=0xffffff45 fr.pc=0x0000021dce8cf3a0 relative=0x0000000000000500
Event: 494.190 Thread 0x0000021de79574b0 Uncommon trap: reason=unstable_if action=reinterpret pc=0x0000021dce8cf3a0 method=kotlinx.coroutines.CancellableContinuationImpl.resumedState(Lkotlinx/coroutines/NotCompleted;Ljava/lang/Object;ILkotlin/jvm/functions/Function1;Ljava/lang/Object;)Ljava/lang
Event: 494.190 Thread 0x0000021de79574b0 DEOPT PACKING pc=0x0000021dce8cf3a0 sp=0x000000b6509fcb70
Event: 494.190 Thread 0x0000021de79574b0 DEOPT UNPACKING pc=0x0000021dcde369a3 sp=0x000000b6509fcb18 mode 2

Classes unloaded (0 events):
No events

Classes redefined (0 events):
No events

Internal exceptions (20 events):
Event: 25.019 Thread 0x0000021de7e73ca0 Exception <a 'sun/nio/fs/WindowsException'{0x000000070fc25aa8}> (0x000000070fc25aa8) 
thrown [s\src\hotspot\share\prims\jni.cpp, line 516]
Event: 25.019 Thread 0x0000021de7e73ca0 Exception <a 'sun/nio/fs/WindowsException'{0x000000070fc261c0}> (0x000000070fc261c0) 
thrown [s\src\hotspot\share\prims\jni.cpp, line 516]
Event: 25.019 Thread 0x0000021de7e73ca0 Exception <a 'sun/nio/fs/WindowsException'{0x000000070fc268e0}> (0x000000070fc268e0) 
thrown [s\src\hotspot\share\prims\jni.cpp, line 516]
Event: 25.019 Thread 0x0000021de7e73ca0 Exception <a 'sun/nio/fs/WindowsException'{0x000000070fc26ff8}> (0x000000070fc26ff8) 
thrown [s\src\hotspot\share\prims\jni.cpp, line 516]
Event: 25.019 Thread 0x0000021de7e73ca0 Exception <a 'sun/nio/fs/WindowsException'{0x000000070fc27710}> (0x000000070fc27710) 
thrown [s\src\hotspot\share\prims\jni.cpp, line 516]
Event: 25.019 Thread 0x0000021de7e73ca0 Exception <a 'sun/nio/fs/WindowsException'{0x000000070fc27e10}> (0x000000070fc27e10) 
thrown [s\src\hotspot\share\prims\jni.cpp, line 516]
Event: 25.111 Thread 0x0000021de7e73ca0 Exception <a 'java/lang/ArrayIndexOutOfBoundsException'{0x000000070fdbd788}> (0x000000070fdbd788) 
thrown [s\src\hotspot\share\runtime\sharedRuntime.cpp, line 628]
Event: 25.134 Thread 0x0000021de7e73ca0 Exception <a 'java/lang/IncompatibleClassChangeError'{0x000000070fa23560}: Found class java.lang.Object, but interface was expected> (0x000000070fa23560) 
thrown [s\src\hotspot\share\interpreter\linkResolver.cpp, line 826]
Event: 25.332 Thread 0x0000021de7e6fad0 Exception <a 'java/lang/NoSuchMethodError'{0x00000007100b8c80}: 'java.lang.Object java.lang.invoke.DirectMethodHandle$Holder.invokeSpecial(java.lang.Object, java.lang.Object, long, long, java.lang.Object, java.lang.Object, java.lang.Object, java.lang.Object, java.lang.Object, java.lang.Object)'> (0x00000007100b8c80) 
thrown [s\src\hotspot\share\interpreter\linkResolver.cpp, line 759]
Event: 25.333 Thread 0x0000021de7e6fad0 Exception <a 'java/lang/NoSuchMethodError'{0x00000007100bd598}: 'java.lang.Object java.lang.invoke.DelegatingMethodHandle$Holder.reinvoke_L(java.lang.Object, long, long, java.lang.Object, java.lang.Object, java.lang.Object, java.lang.Object, java.lang.Object, java.lang.Object)'> (0x00000007100bd598) 
thrown [s\src\hotspot\share\interpreter\linkResolver.cpp, line 759]
Event: 25.413 Thread 0x0000021de7e6fad0 Implicit null exception at 0x0000021dce3a9ad4 to 0x0000021dce3a9aff
Event: 44.433 Thread 0x0000021de7e76a30 Implicit null exception at 0x0000021dce4df4f2 to 0x0000021dce4dfbe8
Event: 46.662 Thread 0x0000021de79574b0 Exception <a 'java/lang/NoSuchMethodError'{0x0000000711c5c728}: 'void java.lang.invoke.DirectMethodHandle$Holder.invokeSpecial(java.lang.Object, java.lang.Object, int, int)'> (0x0000000711c5c728) 
thrown [s\src\hotspot\share\interpreter\linkResolver.cpp, line 759]
Event: 47.006 Thread 0x0000021df2f9e8d0 Exception <a 'java/lang/NoSuchMethodError'{0x00000007178c0620}: 'java.lang.Object java.lang.invoke.Invokers$Holder.invoke_MT(java.lang.Object, java.lang.Object, java.lang.Object)'> (0x00000007178c0620) 
thrown [s\src\hotspot\share\interpreter\linkResolver.cpp, line 759]
Event: 47.383 Thread 0x0000021df2f9e8d0 Implicit null exception at 0x0000021dce784806 to 0x0000021dce785098
Event: 47.696 Thread 0x0000021df2f9e8d0 Exception <a 'java/lang/NoSuchMethodError'{0x0000000716dd44e0}: 'void java.lang.invoke.DirectMethodHandle$Holder.invokeStatic(java.lang.Object, int, java.lang.Object)'> (0x0000000716dd44e0) 
thrown [s\src\hotspot\share\interpreter\linkResolver.cpp, line 759]
Event: 47.781 Thread 0x0000021df2f9f2f0 Exception <a 'java/net/ConnectException'{0x0000000716a4db30}: Connection refused: connect> (0x0000000716a4db30) 
thrown [s\src\hotspot\share\prims\jni.cpp, line 535]
Event: 47.781 Thread 0x0000021df2f9f2f0 Exception <a 'java/net/SocketException'{0x0000000716a4de68}: Socket is not connected: shutdown> (0x0000000716a4de68) 
thrown [s\src\hotspot\share\prims\jni.cpp, line 535]
Event: 47.891 Thread 0x0000021df2f9f2f0 Exception <a 'java/net/ConnectException'{0x0000000716a4e808}: Connection refused: connect> (0x0000000716a4e808) 
thrown [s\src\hotspot\share\prims\jni.cpp, line 535]
Event: 47.891 Thread 0x0000021df2f9f2f0 Exception <a 'java/net/SocketException'{0x0000000716a4eb40}: Socket is not connected: shutdown> (0x0000000716a4eb40) 
thrown [s\src\hotspot\share\prims\jni.cpp, line 535]

VM Operations (20 events):
Event: 255.037 Executing VM operation: Cleanup
Event: 255.037 Executing VM operation: Cleanup done
Event: 265.763 Executing VM operation: HandshakeAllThreads
Event: 265.763 Executing VM operation: HandshakeAllThreads done
Event: 270.809 Executing VM operation: Cleanup
Event: 270.810 Executing VM operation: Cleanup done
Event: 300.681 Executing VM operation: HandshakeAllThreads
Event: 300.681 Executing VM operation: HandshakeAllThreads done
Event: 360.848 Executing VM operation: HandshakeAllThreads
Event: 360.848 Executing VM operation: HandshakeAllThreads done
Event: 389.029 Executing VM operation: Cleanup
Event: 389.029 Executing VM operation: Cleanup done
Event: 421.005 Executing VM operation: HandshakeAllThreads
Event: 421.005 Executing VM operation: HandshakeAllThreads done
Event: 465.480 Executing VM operation: Cleanup
Event: 465.480 Executing VM operation: Cleanup done
Event: 481.178 Executing VM operation: HandshakeAllThreads
Event: 481.178 Executing VM operation: HandshakeAllThreads done
Event: 482.193 Executing VM operation: Cleanup
Event: 482.194 Executing VM operation: Cleanup done

Events (20 events):
Event: 265.782 Thread 0x0000021de194b9d0 flushing nmethod 0x0000021dc7a0ca10
Event: 265.782 Thread 0x0000021de194b9d0 flushing nmethod 0x0000021dc7a0d890
Event: 265.782 Thread 0x0000021de194b9d0 flushing nmethod 0x0000021dc7a0dd10
Event: 265.782 Thread 0x0000021de194b9d0 flushing nmethod 0x0000021dc7a0e110
Event: 265.782 Thread 0x0000021de194b9d0 flushing nmethod 0x0000021dc7a10210
Event: 265.782 Thread 0x0000021de194b9d0 flushing nmethod 0x0000021dc7a10790
Event: 265.782 Thread 0x0000021de194b9d0 flushing nmethod 0x0000021dc7a11010
Event: 265.782 Thread 0x0000021de194b9d0 flushing nmethod 0x0000021dc7a12990
Event: 265.782 Thread 0x0000021de194b9d0 flushing nmethod 0x0000021dc7a13010
Event: 265.782 Thread 0x0000021de194b9d0 flushing nmethod 0x0000021dc7a13a10
Event: 265.782 Thread 0x0000021de194b9d0 flushing nmethod 0x0000021dc7a15690
Event: 265.782 Thread 0x0000021de194b9d0 flushing nmethod 0x0000021dc7a37010
Event: 265.782 Thread 0x0000021de194b9d0 flushing nmethod 0x0000021dc7a3d010
Event: 265.783 Thread 0x0000021de194b9d0 flushing nmethod 0x0000021dc7a73890
Event: 381.769 Thread 0x0000021df2f9ede0 Thread exited: 0x0000021df2f9ede0
Event: 381.769 Thread 0x0000021de7e75b00 Thread exited: 0x0000021de7e75b00
Event: 403.339 Thread 0x0000021df2fa1150 Thread added: 0x0000021df2fa1150
Event: 403.339 Thread 0x0000021df2fa2590 Thread added: 0x0000021df2fa2590
Event: 403.355 Thread 0x0000021df2f9ede0 Thread added: 0x0000021df2f9ede0
Event: 494.210 Thread 0x0000021df34cc7d0 Thread added: 0x0000021df34cc7d0


Dynamic libraries:
0x00007ff6d8970000 - 0x00007ff6d89e8000 	C:\Program Files\Processing\Processing.exe
0x00007fff1a020000 - 0x00007fff1a287000 	C:\Windows\SYSTEM32\ntdll.dll
0x00007fff18980000 - 0x00007fff18a49000 	C:\Windows\System32\KERNEL32.DLL
0x00007fff17840000 - 0x00007fff17c2f000 	C:\Windows\System32\KERNELBASE.dll
0x00007fff185d0000 - 0x00007fff18795000 	C:\Windows\System32\USER32.dll
0x00007fff17360000 - 0x00007fff17387000 	C:\Windows\System32\win32u.dll
0x00007fff191d0000 - 0x00007fff191fb000 	C:\Windows\System32\GDI32.dll
0x00007fff17230000 - 0x00007fff1735c000 	C:\Windows\System32\gdi32full.dll
0x00007fff17390000 - 0x00007fff17433000 	C:\Windows\System32\msvcp_win.dll
0x00007fff176f0000 - 0x00007fff1783b000 	C:\Windows\System32\ucrtbase.dll
0x00007fff19200000 - 0x00007fff19953000 	C:\Windows\System32\SHELL32.dll
0x00007fff17440000 - 0x00007fff175aa000 	C:\Windows\System32\wintypes.dll
0x00007fff18240000 - 0x00007fff185c6000 	C:\Windows\System32\combase.dll
0x00007fff19e70000 - 0x00007fff19f88000 	C:\Windows\System32\RPCRT4.dll
0x00007fff19970000 - 0x00007fff199a1000 	C:\Windows\System32\IMM32.DLL
0x00007fff18e20000 - 0x00007fff18f15000 	C:\Windows\System32\shcore.dll
0x00007ffe97120000 - 0x00007ffe97137000 	C:\Program Files\Processing\runtime\bin\jli.dll
0x00007fff0af80000 - 0x00007fff0b213000 	C:\Windows\WinSxS\amd64_microsoft.windows.common-controls_6595b64144ccf1df_6.0.26100.7309_none_3e05feeae336a044\COMCTL32.dll
0x00007fff17dc0000 - 0x00007fff17e69000 	C:\Windows\System32\msvcrt.dll
0x00007ffe97100000 - 0x00007ffe97119000 	C:\Program Files\Processing\runtime\bin\VCRUNTIME140.dll
0x00007ffe970f0000 - 0x00007ffe970fc000 	C:\Program Files\Processing\runtime\bin\vcruntime140_1.dll
0x00007ffe97050000 - 0x00007ffe970e1000 	C:\Program Files\Processing\runtime\bin\msvcp140.dll
0x00007ffe96400000 - 0x00007ffe9704c000 	C:\Program Files\Processing\runtime\bin\server\jvm.dll
0x00007fff17f00000 - 0x00007fff17fb4000 	C:\Windows\System32\ADVAPI32.dll
0x00007fff18a50000 - 0x00007fff18af6000 	C:\Windows\System32\sechost.dll
0x00007ffebe250000 - 0x00007ffebe285000 	C:\Windows\SYSTEM32\WINMM.dll
0x00007fff16ff0000 - 0x00007fff1704e000 	C:\Windows\SYSTEM32\POWRPROF.dll
0x00007fff0f900000 - 0x00007fff0f90b000 	C:\Windows\SYSTEM32\VERSION.dll
0x00007ffe963f0000 - 0x00007ffe963fa000 	C:\Windows\SYSTEM32\WSOCK32.dll
0x00007fff18810000 - 0x00007fff18884000 	C:\Windows\System32\WS2_32.dll
0x00007fff16fb0000 - 0x00007fff16fc4000 	C:\Windows\SYSTEM32\UMPDC.dll
0x00007fff15ee0000 - 0x00007fff15efb000 	C:\Windows\SYSTEM32\kernel.appcore.dll
0x00007ffe963e0000 - 0x00007ffe963ea000 	C:\Program Files\Processing\runtime\bin\jimage.dll
0x00007fff120c0000 - 0x00007fff12302000 	C:\Windows\SYSTEM32\DBGHELP.DLL
0x00007fff18b00000 - 0x00007fff18bd6000 	C:\Windows\System32\OLEAUT32.dll
0x00007ffee4000000 - 0x00007ffee403c000 	C:\Windows\SYSTEM32\dbgcore.DLL
0x00007fff175b0000 - 0x00007fff17655000 	C:\Windows\System32\bcryptPrimitives.dll
0x00007ffe963b0000 - 0x00007ffe963d5000 	C:\Program Files\Processing\runtime\bin\java.dll
0x00007fff14d30000 - 0x00007fff1558e000 	C:\Windows\SYSTEM32\windows.storage.dll
0x00007fff18890000 - 0x00007fff188f6000 	C:\Windows\System32\shlwapi.dll
0x00007fff17090000 - 0x00007fff170b9000 	C:\Windows\SYSTEM32\profapi.dll
0x00007ffe96390000 - 0x00007ffe963a9000 	C:\Program Files\Processing\runtime\bin\net.dll
0x00007fff0e9b0000 - 0x00007fff0ead8000 	C:\Windows\SYSTEM32\WINHTTP.dll
0x00007fff16430000 - 0x00007fff1649b000 	C:\Windows\system32\mswsock.dll
0x00007ffe96370000 - 0x00007ffe96385000 	C:\Program Files\Processing\runtime\bin\nio.dll
0x00007ffe96350000 - 0x00007ffe96368000 	C:\Program Files\Processing\runtime\bin\zip.dll
0x00007ffe93be0000 - 0x00007ffe93be9000 	C:\Program Files\Processing\runtime\bin\prefs.dll
0x00007ffe92e30000 - 0x00007ffe93a4f000 	C:\Program Files\Processing\app\skiko-windows-x64.dll
0x00007fff18c00000 - 0x00007fff18d97000 	C:\Windows\System32\ole32.dll
0x00007fff144f0000 - 0x00007fff14520000 	C:\Windows\SYSTEM32\dwmapi.dll
0x00007fff11d30000 - 0x00007fff11e33000 	C:\Windows\SYSTEM32\PROPSYS.dll
0x00007ffe92ca0000 - 0x00007ffe92e2e000 	C:\Program Files\Processing\runtime\bin\awt.dll
0x00007fff140b0000 - 0x00007fff1414f000 	C:\Windows\SYSTEM32\apphelp.dll
0x00007fff14280000 - 0x00007fff1432b000 	C:\Windows\system32\uxtheme.dll
0x00007fff17fd0000 - 0x00007fff1812e000 	C:\Windows\System32\MSCTF.dll
0x00007ffeaca20000 - 0x00007ffeacb30000 	C:\Windows\system32\opengl32.dll
0x00007ffea98b0000 - 0x00007ffea98dd000 	C:\Windows\SYSTEM32\GLU32.dll
0x00007fff14560000 - 0x00007fff145a4000 	C:\Windows\SYSTEM32\dxcore.dll
0x00007ffe92ae0000 - 0x00007ffe92c93000 	C:\Windows\system32\d3d9.dll
0x00007fff0fc80000 - 0x00007fff1022a000 	C:\Windows\SYSTEM32\d3d10warp.dll
0x00007fff10b30000 - 0x00007fff10b93000 	C:\Windows\SYSTEM32\directxdatabasehelper.dll
0x00007ffe92a50000 - 0x00007ffe92ad6000 	C:\Program Files\Processing\runtime\bin\freetype.dll
0x00007ffe92970000 - 0x00007ffe92a43000 	C:\Program Files\Processing\runtime\bin\fontmanager.dll
0x00007fff133d0000 - 0x00007fff13637000 	C:\Windows\SYSTEM32\dwrite.dll
0x00007fff18f20000 - 0x00007fff18fd0000 	C:\Windows\System32\clbcatq.dll
0x00007fff128e0000 - 0x00007fff12b10000 	C:\Windows\SYSTEM32\WindowsCodecs.dll
0x00007ffedf420000 - 0x00007ffedf47a000 	C:\Windows\system32\dataexchange.dll
0x00007fff0d400000 - 0x00007fff0d644000 	C:\Windows\system32\twinapi.appcore.dll
0x00007ffe93b60000 - 0x00007ffe93b67000 	C:\Program Files\Processing\runtime\bin\jawt.dll
0x00007fff14390000 - 0x00007fff144cb000 	C:\Windows\SYSTEM32\Dxgi.dll
0x00007fff16cb0000 - 0x00007fff16d07000 	C:\Windows\SYSTEM32\cfgmgr32.dll
0x00007ffed2fe0000 - 0x00007ffed3003000 	C:\Windows\SYSTEM32\D3D12.dll
0x00007ffe92610000 - 0x00007ffe92968000 	C:\Windows\SYSTEM32\D3D12Core.dll
0x00007ffe923b0000 - 0x00007ffe92495000 	C:\Windows\SYSTEM32\D3DSCache.dll
0x00007fff164e0000 - 0x00007fff1650b000 	C:\Windows\SYSTEM32\USERENV.dll
0x00007fff13640000 - 0x00007fff13863000 	C:\Windows\SYSTEM32\dcomp.dll
0x00007fff12430000 - 0x00007fff12449000 	C:\Windows\SYSTEM32\Microsoft.Internal.WarpPal.dll
0x00007ffef33b0000 - 0x00007ffef34f8000 	C:\Windows\SYSTEM32\textinputframework.dll
0x00007fff12450000 - 0x00007fff128cf000 	C:\Windows\SYSTEM32\d3dcompiler_47.dll
0x00007fff16820000 - 0x00007fff1683b000 	C:\Windows\SYSTEM32\cryptsp.dll
0x00007fff15980000 - 0x00007fff159b4000 	C:\Windows\SYSTEM32\IPHLPAPI.DLL
0x00007fff19960000 - 0x00007fff1996a000 	C:\Windows\System32\NSI.dll
0x00007fff10230000 - 0x00007fff1024e000 	C:\Windows\SYSTEM32\dhcpcsvc6.DLL
0x00007fff0fc50000 - 0x00007fff0fc73000 	C:\Windows\SYSTEM32\dhcpcsvc.DLL
0x00007fff159c0000 - 0x00007fff15aec000 	C:\Windows\SYSTEM32\DNSAPI.dll
0x00007fff15e40000 - 0x00007fff15e7a000 	C:\Windows\system32\rsaenh.dll
0x00007fff17060000 - 0x00007fff1708a000 	C:\Windows\SYSTEM32\bcrypt.dll
0x00007fff16680000 - 0x00007fff1668c000 	C:\Windows\SYSTEM32\CRYPTBASE.dll
0x00007ffe925c0000 - 0x00007ffe92609000 	C:\Users\cflou\AppData\Local\Temp\jna-94574607\jna13462738375395389124.dll
0x00007fff17fc0000 - 0x00007fff17fc8000 	C:\Windows\System32\PSAPI.DLL
0x00007fff13cd0000 - 0x00007fff13df7000 	C:\Windows\SYSTEM32\CoreMessaging.dll
0x00007fff10440000 - 0x00007fff10722000 	C:\Windows\SYSTEM32\CoreUIComponents.dll
0x00007ffe925b0000 - 0x00007ffe925b6000 	C:\Users\cflou\AppData\Local\Temp\flatlaf.temp\flatlaf-windows-x86_64-327697865684000.dll
0x00007fff14080000 - 0x00007fff140a9000 	C:\Windows\system32\Wtsapi32.dll
0x00007fff17c40000 - 0x00007fff17db7000 	C:\Windows\System32\CRYPT32.dll
0x00007fff16180000 - 0x00007fff161c9000 	C:\Windows\SYSTEM32\SspiCli.dll
0x00007fff16d70000 - 0x00007fff16dd4000 	C:\Windows\SYSTEM32\WINSTA.dll
0x00007fff0eae0000 - 0x00007fff0eaeb000 	C:\Windows\System32\rasadhlp.dll
0x00007fff109d0000 - 0x00007fff10a56000 	C:\Windows\System32\fwpuclnt.dll
0x00007ffeeaba0000 - 0x00007ffeeabb0000 	C:\Program Files\Processing\runtime\bin\verify.dll
0x00007fff08970000 - 0x00007fff0897b000 	C:\Program Files\Processing\runtime\bin\dt_shmem.dll

dbghelp: loaded successfully - version: 4.0.5 - missing functions: none
symbol engine: initialized successfully - sym options: 0x614 - pdb path: .;C:\Program Files\Processing;C:\Windows\SYSTEM32;C:\Program Files\Processing\runtime\bin;C:\Windows\WinSxS\amd64_microsoft.windows.common-controls_6595b64144ccf1df_6.0.26100.7309_none_3e05feeae336a044;C:\Program Files\Processing\runtime\bin\server;C:\Program Files\Processing\app;C:\Users\cflou\AppData\Local\Temp\jna-94574607;C:\Users\cflou\AppData\Local\Temp\flatlaf.temp

VM Arguments:
jvm_args: -Djpackage.app-version=4.5.2 -Dcompose.application.resources.dir=C:\Program Files\Processing\app\resources -Dcompose.application.configure.swing.globals=true -Dprocessing.version=4.5.2 -Dprocessing.revision=1313 -Dprocessing.contributions.source=https://contributions.processing.org/contribs -Dprocessing.download.page=https://processing.org/download/ -Dprocessing.download.latest=https://processing.org/download/latest.txt -Dprocessing.tutorials=https://processing.org/tutorials/ -Dsun.java2d.metal=true -Dawt.useSystemAAFontSettings=on -Dskiko.library.path=C:\Program Files\Processing\app -Djpackage.app-path=C:\Program Files\Processing\Processing.exe 
java_command: processing.app.ProcessingKt C:\dev\__tracer\processing\perlin_mountains\perlin_mountains.pde
java_class_path (initial): C:\Program Files\Processing\app\app-4.5.2-ebded6c96bb4e1665e50a11ee244b79.jar;C:\Program Files\Processing\app\animation-core-desktop-1.9.1-d2678252affd90119d35c260a72a42.jar;C:\Program Files\Processing\app\animation-desktop-1.9.1-419db6b0dd5d8ab84f63fdafac8219a.jar;C:\Program Files\Processing\app\annotation-jvm-1.9.1-1d6a04b3b9847638d0529df8ef76a.jar;C:\Program Files\Processing\app\annotations-23.0.0-8484cd17d040d837983323f760b2c660.jar;C:\Program Files\Processing\app\ant-1.10.14-263e0d844d0e4efa54440ec5ed6362a.jar;C:\Program Files\Processing\app\ant-launcher-1.10.14-e6c71b2f05383e1fb891e99f5267663.jar;C:\Program Files\Processing\app\antlr-2.7.7-f8f1352c52a4c6a50b59759651fc64.jar;C:\Program Files\Processing\app\antlr-runtime-3.5.3-b5cce1bb9c8190e2e641fc439daa.jar;C:\Program Files\Processing\app\antlr4-4.13.2-307387ba9ce03f1e566b5ce82a121a.jar;C:\Program Files\Processing\app\antlr4-runtime-4.13.2-eecf198f0cfff10f8bb82878b5ca41.jar;C:\Program Files\Processing\app\atomicfu-jvm-0.23.2-5e4f88ed1c37222d791f5dcadf481498.jar;C:\Program Files\Processing\app\classpath-explorer-1.0-caab34e762a7f05d30ac7d40af90b3ef.jar;C:\Program Files\Processing\app\clikt-jvm-56324132fdbcd27f903c16d7bcfa4b8.jar;C:\Program Files\Processing\app\clikt-mordant-jvm-3c28e5f442b1e2978ce8fbd2f56e541.jar;C:\Program Files\Processing\app\collection-jvm-1.5.0-4421442c114a4f8c8fe587cf2d668237.jar;C:\Program Files\Processing\app\colormath-jvm-6a279b2713acb5c7ffb5e683bf2841.jar;C:\Program Files\Processing\app\compottie-desktop-2.0.0-rc02-5f1edfd67e18f4319b4c781c2b3d1e4.jar;C:\Program Files\Processing\app\core-4.5.2-e2f1365b74e463fe926eb3ecb3af6ec.jar;C:\Program Files\Processing\app\core-common-2.2.0-2212d240dfe1e8a7598ee117ccc316d.jar;C:\Program Files\Processing\app\desktop-jvm-1.9.1-50d7ad53522a4f6df8d72803486e1b7.jar;C:\Program Files\Processing\app\flatlaf-2.4-6481e9fa65e13e28c37547e0fd1dc2.jar;C:\Program Files\Processing\app\foundation-desktop-1.9.1-b9dca8cf9c212f6bb4a0aeeafac
Launcher Type: SUN_STANDARD

[Global flags]
     intx CICompilerCount                          = 4                                         {product} {ergonomic}
     uint ConcGCThreads                            = 2                                         {product} {ergonomic}
     uint G1ConcRefinementThreads                  = 8                                         {product} {ergonomic}
   size_t G1HeapRegionSize                         = 2097152                                   {product} {ergonomic}
    uintx GCDrainStackTargetSize                   = 64                                        {product} {ergonomic}
   size_t InitialHeapSize                          = 257949696                                 {product} {ergonomic}
   size_t MarkStackSize                            = 4194304                                   {product} {ergonomic}
   size_t MaxHeapSize                              = 4125097984                                {product} {ergonomic}
   size_t MaxNewSize                               = 2474639360                                {product} {ergonomic}
   size_t MinHeapDeltaBytes                        = 2097152                                   {product} {ergonomic}
   size_t MinHeapSize                              = 8388608                                   {product} {ergonomic}
    uintx NonNMethodCodeHeapSize                   = 5839372                                {pd product} {ergonomic}
    uintx NonProfiledCodeHeapSize                  = 122909434                              {pd product} {ergonomic}
    uintx ProfiledCodeHeapSize                     = 122909434                              {pd product} {ergonomic}
    uintx ReservedCodeCacheSize                    = 251658240                              {pd product} {ergonomic}
     bool SegmentedCodeCache                       = true                                      {product} {ergonomic}
   size_t SoftMaxHeapSize                          = 4125097984                             {manageable} {ergonomic}
     bool UseCompressedClassPointers               = true                           {product lp64_product} {ergonomic}
     bool UseCompressedOops                        = true                           {product lp64_product} {ergonomic}
     bool UseG1GC                                  = true                                      {product} {ergonomic}
     bool UseLargePagesIndividualAllocation        = false                                  {pd product} {ergonomic}

Logging:
Log output configuration:
 #0: stdout all=warning uptime,level,tags
 #1: stderr all=off uptime,level,tags

Environment Variables:
PATH=C:\Windows\system32;C:\Windows;C:\Windows\System32\Wbem;C:\Windows\System32\WindowsPowerShell\v1.0\;C:\Windows\System32\OpenSSH\;C:\Program Files\Git\cmd;C:\Users\cflou\AppData\Local\Microsoft\WindowsApps;C:\Program Files\Processing\;C:\Users\cflou\AppData\Local\Programs\Microsoft VS Code\bin;C:\Users\cflou\AppData\Local\Python\bin;C:\Program Files\Processing\app
USERNAME=cflou
OS=Windows_NT
PROCESSOR_IDENTIFIER=Intel64 Family 6 Model 142 Stepping 12, GenuineIntel
TMP=C:\Users\cflou\AppData\Local\Temp
TEMP=C:\Users\cflou\AppData\Local\Temp



---------------  S Y S T E M  ---------------

OS:
 Windows 11 , 64 bit Build 26100 (10.0.26100.7623)
OS uptime: 0 days 9:14 hours
Hyper-V role detected

CPU: total 8 (initial active 8) (4 cores per cpu, 2 threads per core) family 6 model 142 stepping 12 microcode 0x100, cx8, cmov, fxsr, ht, mmx, 3dnowpref, sse, sse2, sse3, ssse3, sse4.1, sse4.2, popcnt, lzcnt, tsc, tscinvbit, avx, avx2, aes, erms, clmul, bmi1, bmi2, adx, fma, vzeroupper, clflush, clflushopt, hv
Processor Information for processor 0
  Max Mhz: 2208, Current Mhz: 1505, Mhz Limit: 1700
Processor Information for processor 1
  Max Mhz: 2208, Current Mhz: 1505, Mhz Limit: 1700
Processor Information for processor 2
  Max Mhz: 2208, Current Mhz: 1505, Mhz Limit: 1700
Processor Information for processor 3
  Max Mhz: 2208, Current Mhz: 1505, Mhz Limit: 1700
Processor Information for processor 4
  Max Mhz: 2208, Current Mhz: 1505, Mhz Limit: 1700
Processor Information for processor 5
  Max Mhz: 2208, Current Mhz: 1706, Mhz Limit: 1700
Processor Information for processor 6
  Max Mhz: 2208, Current Mhz: 1706, Mhz Limit: 1700
Processor Information for processor 7
  Max Mhz: 2208, Current Mhz: 1505, Mhz Limit: 1700

Memory: 4k page, system-wide physical 15733M (9888M free)
TotalPageFile size 18677M (AvailPageFile size 13267M)
current process WorkingSet (physical memory assigned to process): 607M, peak: 660M
current process commit charge ("private bytes"): 677M, peak: 709M

vm_info: OpenJDK 64-Bit Server VM (17.0.8.1+1) for windows-amd64 JRE (17.0.8.1+1), built on Aug 23 2023 15:29:17 by "admin" with MS VC++ 16.7 (VS2019)

END.
